
Discarded input sections

 .data          0x00000000        0x0 build/obj/crt0_v7m.o
 .bss           0x00000000        0x0 build/obj/crt0_v7m.o
 .data          0x00000000        0x0 build/obj/chcoreasm_v7m.o
 .bss           0x00000000        0x0 build/obj/chcoreasm_v7m.o
 .text          0x00000000        0x0 build/obj/crt1.o (symbol from plugin)
 .text          0x00000000        0x0 C:\Users\PETERL~1\AppData\Local\Temp\ccPkArEZ.ltrans0.ltrans.o
 .data          0x00000000        0x0 C:\Users\PETERL~1\AppData\Local\Temp\ccPkArEZ.ltrans0.ltrans.o
 .bss           0x00000000        0x0 C:\Users\PETERL~1\AppData\Local\Temp\ccPkArEZ.ltrans0.ltrans.o
 .text          0x00000000        0x0 C:\Users\PETERL~1\AppData\Local\Temp\ccPkArEZ.ltrans1.ltrans.o
 .data          0x00000000        0x0 C:\Users\PETERL~1\AppData\Local\Temp\ccPkArEZ.ltrans1.ltrans.o
 .bss           0x00000000        0x0 C:\Users\PETERL~1\AppData\Local\Temp\ccPkArEZ.ltrans1.ltrans.o
 .text          0x00000000        0x0 C:\Users\PETERL~1\AppData\Local\Temp\ccPkArEZ.ltrans2.ltrans.o
 .data          0x00000000        0x0 C:\Users\PETERL~1\AppData\Local\Temp\ccPkArEZ.ltrans2.ltrans.o
 .bss           0x00000000        0x0 C:\Users\PETERL~1\AppData\Local\Temp\ccPkArEZ.ltrans2.ltrans.o
 .text          0x00000000        0x0 build/obj/vectors.o (symbol from plugin)
 .text          0x00000000        0x0 build/obj/chsys.o (symbol from plugin)
 .text          0x00000000        0x0 build/obj/chdebug.o (symbol from plugin)
 .text          0x00000000        0x0 build/obj/chvt.o (symbol from plugin)
 .text          0x00000000        0x0 build/obj/chschd.o (symbol from plugin)
 .text          0x00000000        0x0 build/obj/chthreads.o (symbol from plugin)
 .text          0x00000000        0x0 build/obj/chtm.o (symbol from plugin)
 .text          0x00000000        0x0 build/obj/chstats.o (symbol from plugin)
 .text          0x00000000        0x0 build/obj/chdynamic.o (symbol from plugin)
 .text          0x00000000        0x0 build/obj/chregistry.o (symbol from plugin)
 .text          0x00000000        0x0 build/obj/chsem.o (symbol from plugin)
 .text          0x00000000        0x0 build/obj/chmtx.o (symbol from plugin)
 .text          0x00000000        0x0 build/obj/chcond.o (symbol from plugin)
 .text          0x00000000        0x0 build/obj/chevents.o (symbol from plugin)
 .text          0x00000000        0x0 build/obj/chmsg.o (symbol from plugin)
 .text          0x00000000        0x0 build/obj/chmboxes.o (symbol from plugin)
 .text          0x00000000        0x0 build/obj/chqueues.o (symbol from plugin)
 .text          0x00000000        0x0 build/obj/chmemcore.o (symbol from plugin)
 .text          0x00000000        0x0 build/obj/chheap.o (symbol from plugin)
 .text          0x00000000        0x0 build/obj/chmempools.o (symbol from plugin)
 .text          0x00000000        0x0 build/obj/chcore.o (symbol from plugin)
 .text          0x00000000        0x0 build/obj/chcore_v7m.o (symbol from plugin)
 .text          0x00000000        0x0 build/obj/osal.o (symbol from plugin)
 .text          0x00000000        0x0 build/obj/hal.o (symbol from plugin)
 .text          0x00000000        0x0 build/obj/st.o (symbol from plugin)
 .text          0x00000000        0x0 build/obj/hal_queues.o (symbol from plugin)
 .text          0x00000000        0x0 build/obj/hal_mmcsd.o (symbol from plugin)
 .text          0x00000000        0x0 build/obj/pal.o (symbol from plugin)
 .text          0x00000000        0x0 build/obj/spi.o (symbol from plugin)
 .text          0x00000000        0x0 build/obj/nvic.o (symbol from plugin)
 .text          0x00000000        0x0 build/obj/stm32_dma.o (symbol from plugin)
 .text          0x00000000        0x0 build/obj/hal_lld.o (symbol from plugin)
 .text          0x00000000        0x0 build/obj/st_lld.o (symbol from plugin)
 .text          0x00000000        0x0 build/obj/pal_lld.o (symbol from plugin)
 .text          0x00000000        0x0 build/obj/spi_lld.o (symbol from plugin)
 .text          0x00000000        0x0 build/obj/board.o (symbol from plugin)
 .text          0x00000000        0x0 build/obj/main.o (symbol from plugin)
 .text          0x00000000        0x0 build/obj/init_functions.o (symbol from plugin)

Memory Configuration

Name             Origin             Length             Attributes
flash            0x08000000         0x00100000
ram0             0x20000000         0x00020000
ram1             0x20000000         0x0001c000
ram2             0x2001c000         0x00004000
ram3             0x00000000         0x00000000
ram4             0x10000000         0x00010000
ram5             0x40024000         0x00001000
ram6             0x00000000         0x00000000
ram7             0x00000000         0x00000000
*default*        0x00000000         0xffffffff

Linker script and memory map

LOAD build/obj/crt0_v7m.o
LOAD build/obj/chcoreasm_v7m.o
LOAD build/obj/crt1.o
LOAD C:\Users\PETERL~1\AppData\Local\Temp\ccPkArEZ.ltrans0.ltrans.o
LOAD C:\Users\PETERL~1\AppData\Local\Temp\ccPkArEZ.ltrans1.ltrans.o
LOAD C:\Users\PETERL~1\AppData\Local\Temp\ccPkArEZ.ltrans2.ltrans.o
LOAD c:/chibistudio/tools/gnu tools arm embedded/4.9 2015q3/bin/../lib/gcc/arm-none-eabi/4.9.3/armv7e-m\libgcc.a
LOAD c:/chibistudio/tools/gnu tools arm embedded/4.9 2015q3/bin/../lib/gcc/arm-none-eabi/4.9.3/../../../../arm-none-eabi/lib/armv7e-m\libg.a
LOAD c:/chibistudio/tools/gnu tools arm embedded/4.9 2015q3/bin/../lib/gcc/arm-none-eabi/4.9.3/../../../../arm-none-eabi/lib/armv7e-m\libc.a
LOAD build/obj/vectors.o
LOAD build/obj/chsys.o
LOAD build/obj/chdebug.o
LOAD build/obj/chvt.o
LOAD build/obj/chschd.o
LOAD build/obj/chthreads.o
LOAD build/obj/chtm.o
LOAD build/obj/chstats.o
LOAD build/obj/chdynamic.o
LOAD build/obj/chregistry.o
LOAD build/obj/chsem.o
LOAD build/obj/chmtx.o
LOAD build/obj/chcond.o
LOAD build/obj/chevents.o
LOAD build/obj/chmsg.o
LOAD build/obj/chmboxes.o
LOAD build/obj/chqueues.o
LOAD build/obj/chmemcore.o
LOAD build/obj/chheap.o
LOAD build/obj/chmempools.o
LOAD build/obj/chcore.o
LOAD build/obj/chcore_v7m.o
LOAD build/obj/osal.o
LOAD build/obj/hal.o
LOAD build/obj/st.o
LOAD build/obj/hal_queues.o
LOAD build/obj/hal_mmcsd.o
LOAD build/obj/pal.o
LOAD build/obj/spi.o
LOAD build/obj/nvic.o
LOAD build/obj/stm32_dma.o
LOAD build/obj/hal_lld.o
LOAD build/obj/st_lld.o
LOAD build/obj/pal_lld.o
LOAD build/obj/spi_lld.o
LOAD build/obj/board.o
LOAD build/obj/main.o
LOAD build/obj/init_functions.o
                0x20000000                __ram0_start__ = ORIGIN (ram0)
                0x00020000                __ram0_size__ = 0x20000
                0x20020000                __ram0_end__ = (__ram0_start__ + __ram0_size__)
                0x20000000                __ram1_start__ = ORIGIN (ram1)
                0x0001c000                __ram1_size__ = 0x1c000
                0x2001c000                __ram1_end__ = (__ram1_start__ + __ram1_size__)
                0x2001c000                __ram2_start__ = ORIGIN (ram2)
                0x00004000                __ram2_size__ = 0x4000
                0x20020000                __ram2_end__ = (__ram2_start__ + __ram2_size__)
                0x00000000                __ram3_start__ = ORIGIN (ram3)
                0x00000000                __ram3_size__ = 0x0
                0x00000000                __ram3_end__ = (__ram3_start__ + __ram3_size__)
                0x10000000                __ram4_start__ = ORIGIN (ram4)
                0x00010000                __ram4_size__ = 0x10000
                0x10010000                __ram4_end__ = (__ram4_start__ + __ram4_size__)
                0x40024000                __ram5_start__ = ORIGIN (ram5)
                0x00001000                __ram5_size__ = 0x1000
                0x40025000                __ram5_end__ = (__ram5_start__ + __ram5_size__)
                0x00000000                __ram6_start__ = ORIGIN (ram6)
                0x00000000                __ram6_size__ = 0x0
                0x00000000                __ram6_end__ = (__ram6_start__ + __ram6_size__)
                0x00000000                __ram7_start__ = ORIGIN (ram7)
                0x00000000                __ram7_size__ = 0x0
                0x00000000                __ram7_end__ = (__ram7_start__ + __ram7_size__)
                0x00000000                . = 0x0
                0x00000000                _text = .

startup         0x08000000      0x1c0
 *(.vectors)
 .vectors       0x08000000      0x1c0 C:\Users\PETERL~1\AppData\Local\Temp\ccPkArEZ.ltrans0.ltrans.o
                0x08000000                _vectors

constructors    0x080001c0        0x0
                0x080001c0                PROVIDE (__init_array_start, .)
 *(SORT(.init_array.*))
 *(.init_array)
                0x080001c0                PROVIDE (__init_array_end, .)

destructors     0x080001c0        0x0
                0x080001c0                PROVIDE (__fini_array_start, .)
 *(.fini_array)
 *(SORT(.fini_array.*))
                0x080001c0                PROVIDE (__fini_array_end, .)

.text           0x080001c0     0x206c
 *(.text)
 .text          0x080001c0       0xc0 build/obj/crt0_v7m.o
                0x080001c0                Reset_Handler
 .text          0x08000280       0x40 build/obj/chcoreasm_v7m.o
                0x08000280                _port_switch
                0x08000290                _port_thread_start
                0x080002a8                _port_switch_from_isr
                0x080002bc                _port_exit_from_isr
 *(.text.*)
 .text.spi_lld_serve_tx_interrupt.lto_priv.31
                0x080002c0       0x1c C:\Users\PETERL~1\AppData\Local\Temp\ccPkArEZ.ltrans0.ltrans.o
                0x080002c0                spi_lld_serve_tx_interrupt.lto_priv.31
 *fill*         0x080002dc        0x4 
 .text.spi_lld_serve_rx_interrupt.lto_priv.30
                0x080002e0       0xc0 C:\Users\PETERL~1\AppData\Local\Temp\ccPkArEZ.ltrans0.ltrans.o
                0x080002e0                spi_lld_serve_rx_interrupt.lto_priv.30
 .text.VectorB0
                0x080003a0      0x104 C:\Users\PETERL~1\AppData\Local\Temp\ccPkArEZ.ltrans0.ltrans.o
 *fill*         0x080004a4        0xc 
 .text.__early_init
                0x080004b0       0xc8 C:\Users\PETERL~1\AppData\Local\Temp\ccPkArEZ.ltrans0.ltrans.o
                0x080004b0                __early_init
 *fill*         0x08000578        0x8 
 .text.dmaStreamRelease
                0x08000580       0x90 C:\Users\PETERL~1\AppData\Local\Temp\ccPkArEZ.ltrans0.ltrans.o
                0x08000580                dmaStreamRelease
 .text.spiSend.constprop.2
                0x08000610       0xd0 C:\Users\PETERL~1\AppData\Local\Temp\ccPkArEZ.ltrans0.ltrans.o
 .text.startup.main
                0x080006e0      0x7b8 C:\Users\PETERL~1\AppData\Local\Temp\ccPkArEZ.ltrans0.ltrans.o
                0x080006e0                main
 *fill*         0x08000e98        0x8 
 .text.SVC_Handler
                0x08000ea0       0x14 C:\Users\PETERL~1\AppData\Local\Temp\ccPkArEZ.ltrans1.ltrans.o
                0x08000ea0                SVC_Handler
 *fill*         0x08000eb4        0xc 
 .text._idle_thread.lto_priv.37
                0x08000ec0        0x4 C:\Users\PETERL~1\AppData\Local\Temp\ccPkArEZ.ltrans1.ltrans.o
                0x08000ec0                _idle_thread.lto_priv.37
 *fill*         0x08000ec4        0xc 
 .text.stSetAlarm
                0x08000ed0       0x20 C:\Users\PETERL~1\AppData\Local\Temp\ccPkArEZ.ltrans1.ltrans.o
                0x08000ed0                stSetAlarm
 .text._port_irq_epilogue
                0x08000ef0       0x54 C:\Users\PETERL~1\AppData\Local\Temp\ccPkArEZ.ltrans1.ltrans.o
                0x08000ef0                _port_irq_epilogue
 *fill*         0x08000f44        0xc 
 .text._stats_increase_irq
                0x08000f50       0x14 C:\Users\PETERL~1\AppData\Local\Temp\ccPkArEZ.ltrans1.ltrans.o
                0x08000f50                _stats_increase_irq
 *fill*         0x08000f64        0xc 
 .text.chTMChainMeasurementToX
                0x08000f70       0x40 C:\Users\PETERL~1\AppData\Local\Temp\ccPkArEZ.ltrans1.ltrans.o
                0x08000f70                chTMChainMeasurementToX
 .text.chTMStopMeasurementX
                0x08000fb0       0x48 C:\Users\PETERL~1\AppData\Local\Temp\ccPkArEZ.ltrans1.ltrans.o
                0x08000fb0                chTMStopMeasurementX
 *fill*         0x08000ff8        0x8 
 .text._stats_stop_measure_crit_thd
                0x08001000        0xc C:\Users\PETERL~1\AppData\Local\Temp\ccPkArEZ.ltrans1.ltrans.o
                0x08001000                _stats_stop_measure_crit_thd
 *fill*         0x0800100c        0x4 
 .text.chTMStartMeasurementX
                0x08001010        0xc C:\Users\PETERL~1\AppData\Local\Temp\ccPkArEZ.ltrans1.ltrans.o
                0x08001010                chTMStartMeasurementX
 *fill*         0x0800101c        0x4 
 .text._stats_start_measure_crit_thd
                0x08001020        0xc C:\Users\PETERL~1\AppData\Local\Temp\ccPkArEZ.ltrans1.ltrans.o
                0x08001020                _stats_start_measure_crit_thd
 *fill*         0x0800102c        0x4 
 .text._dbg_trace
                0x08001030       0x38 C:\Users\PETERL~1\AppData\Local\Temp\ccPkArEZ.ltrans1.ltrans.o
                0x08001030                _dbg_trace
 *fill*         0x08001068        0x8 
 .text.chSchDoRescheduleAhead
                0x08001070       0x78 C:\Users\PETERL~1\AppData\Local\Temp\ccPkArEZ.ltrans1.ltrans.o
                0x08001070                chSchDoRescheduleAhead
 *fill*         0x080010e8        0x8 
 .text.chSchDoReschedule
                0x080010f0        0x4 C:\Users\PETERL~1\AppData\Local\Temp\ccPkArEZ.ltrans1.ltrans.o
                0x080010f0                chSchDoReschedule
 *fill*         0x080010f4        0xc 
 .text.chDbgCheckClassS
                0x08001100       0x20 C:\Users\PETERL~1\AppData\Local\Temp\ccPkArEZ.ltrans1.ltrans.o
                0x08001100                chDbgCheckClassS
 .text.chSchGoSleepS
                0x08001120       0x64 C:\Users\PETERL~1\AppData\Local\Temp\ccPkArEZ.ltrans1.ltrans.o
                0x08001120                chSchGoSleepS
 *fill*         0x08001184        0xc 
 .text.chDbgCheckClassI
                0x08001190       0x20 C:\Users\PETERL~1\AppData\Local\Temp\ccPkArEZ.ltrans1.ltrans.o
                0x08001190                chDbgCheckClassI
 .text.chSchReadyI
                0x080011b0       0x50 C:\Users\PETERL~1\AppData\Local\Temp\ccPkArEZ.ltrans1.ltrans.o
                0x080011b0                chSchReadyI
 .text._dbg_check_leave_isr
                0x08001200       0x2c C:\Users\PETERL~1\AppData\Local\Temp\ccPkArEZ.ltrans1.ltrans.o
                0x08001200                _dbg_check_leave_isr
 *fill*         0x0800122c        0x4 
 .text._dbg_check_enter_isr
                0x08001230       0x2c C:\Users\PETERL~1\AppData\Local\Temp\ccPkArEZ.ltrans1.ltrans.o
                0x08001230                _dbg_check_enter_isr
 *fill*         0x0800125c        0x4 
 .text.Vector158
                0x08001260       0x38 C:\Users\PETERL~1\AppData\Local\Temp\ccPkArEZ.ltrans1.ltrans.o
                0x08001260                Vector158
 *fill*         0x08001298        0x8 
 .text.Vector154
                0x080012a0       0x38 C:\Users\PETERL~1\AppData\Local\Temp\ccPkArEZ.ltrans1.ltrans.o
                0x080012a0                Vector154
 *fill*         0x080012d8        0x8 
 .text.Vector150
                0x080012e0       0x38 C:\Users\PETERL~1\AppData\Local\Temp\ccPkArEZ.ltrans1.ltrans.o
                0x080012e0                Vector150
 *fill*         0x08001318        0x8 
 .text.Vector130
                0x08001320       0x34 C:\Users\PETERL~1\AppData\Local\Temp\ccPkArEZ.ltrans1.ltrans.o
                0x08001320                Vector130
 *fill*         0x08001354        0xc 
 .text.Vector12C
                0x08001360       0x38 C:\Users\PETERL~1\AppData\Local\Temp\ccPkArEZ.ltrans1.ltrans.o
                0x08001360                Vector12C
 *fill*         0x08001398        0x8 
 .text.Vector128
                0x080013a0       0x38 C:\Users\PETERL~1\AppData\Local\Temp\ccPkArEZ.ltrans1.ltrans.o
                0x080013a0                Vector128
 *fill*         0x080013d8        0x8 
 .text.Vector124
                0x080013e0       0x38 C:\Users\PETERL~1\AppData\Local\Temp\ccPkArEZ.ltrans1.ltrans.o
                0x080013e0                Vector124
 *fill*         0x08001418        0x8 
 .text.Vector120
                0x08001420       0x34 C:\Users\PETERL~1\AppData\Local\Temp\ccPkArEZ.ltrans1.ltrans.o
                0x08001420                Vector120
 *fill*         0x08001454        0xc 
 .text.VectorFC
                0x08001460       0x38 C:\Users\PETERL~1\AppData\Local\Temp\ccPkArEZ.ltrans1.ltrans.o
                0x08001460                VectorFC
 *fill*         0x08001498        0x8 
 .text.Vector84
                0x080014a0       0x38 C:\Users\PETERL~1\AppData\Local\Temp\ccPkArEZ.ltrans1.ltrans.o
                0x080014a0                Vector84
 *fill*         0x080014d8        0x8 
 .text.Vector80
                0x080014e0       0x38 C:\Users\PETERL~1\AppData\Local\Temp\ccPkArEZ.ltrans1.ltrans.o
                0x080014e0                Vector80
 *fill*         0x08001518        0x8 
 .text.Vector7C
                0x08001520       0x34 C:\Users\PETERL~1\AppData\Local\Temp\ccPkArEZ.ltrans1.ltrans.o
                0x08001520                Vector7C
 *fill*         0x08001554        0xc 
 .text.Vector78
                0x08001560       0x38 C:\Users\PETERL~1\AppData\Local\Temp\ccPkArEZ.ltrans1.ltrans.o
                0x08001560                Vector78
 *fill*         0x08001598        0x8 
 .text.Vector74
                0x080015a0       0x38 C:\Users\PETERL~1\AppData\Local\Temp\ccPkArEZ.ltrans1.ltrans.o
                0x080015a0                Vector74
 *fill*         0x080015d8        0x8 
 .text.Vector70
                0x080015e0       0x38 C:\Users\PETERL~1\AppData\Local\Temp\ccPkArEZ.ltrans1.ltrans.o
                0x080015e0                Vector70
 *fill*         0x08001618        0x8 
 .text.Vector6C
                0x08001620       0x34 C:\Users\PETERL~1\AppData\Local\Temp\ccPkArEZ.ltrans1.ltrans.o
                0x08001620                Vector6C
 *fill*         0x08001654        0xc 
 .text._dbg_check_unlock_from_isr
                0x08001660       0x24 C:\Users\PETERL~1\AppData\Local\Temp\ccPkArEZ.ltrans1.ltrans.o
                0x08001660                _dbg_check_unlock_from_isr
 *fill*         0x08001684        0xc 
 .text._dbg_check_lock_from_isr
                0x08001690       0x24 C:\Users\PETERL~1\AppData\Local\Temp\ccPkArEZ.ltrans1.ltrans.o
                0x08001690                _dbg_check_lock_from_isr
 *fill*         0x080016b4        0xc 
 .text.wakeup.lto_priv.27
                0x080016c0       0x74 C:\Users\PETERL~1\AppData\Local\Temp\ccPkArEZ.ltrans1.ltrans.o
                0x080016c0                wakeup.lto_priv.27
 *fill*         0x08001734        0xc 
 .text._dbg_check_unlock
                0x08001740       0x20 C:\Users\PETERL~1\AppData\Local\Temp\ccPkArEZ.ltrans1.ltrans.o
                0x08001740                _dbg_check_unlock
 .text.chSysUnlock.lto_priv.33
                0x08001760       0x34 C:\Users\PETERL~1\AppData\Local\Temp\ccPkArEZ.ltrans1.ltrans.o
                0x08001760                chSysUnlock.lto_priv.33
 *fill*         0x08001794        0xc 
 .text.chSysUnlock.lto_priv.32
                0x080017a0       0x34 C:\Users\PETERL~1\AppData\Local\Temp\ccPkArEZ.ltrans1.ltrans.o
                0x080017a0                chSysUnlock.lto_priv.32
 *fill*         0x080017d4        0xc 
 .text._dbg_check_lock
                0x080017e0       0x20 C:\Users\PETERL~1\AppData\Local\Temp\ccPkArEZ.ltrans1.ltrans.o
                0x080017e0                _dbg_check_lock
 .text.chCoreAlloc
                0x08001800       0x70 C:\Users\PETERL~1\AppData\Local\Temp\ccPkArEZ.ltrans1.ltrans.o
                0x08001800                chCoreAlloc
 .text.chThdExit
                0x08001870       0x58 C:\Users\PETERL~1\AppData\Local\Temp\ccPkArEZ.ltrans1.ltrans.o
                0x08001870                chThdExit
 *fill*         0x080018c8        0x8 
 .text._unhandled_exception
                0x080018d0        0x4 C:\Users\PETERL~1\AppData\Local\Temp\ccPkArEZ.ltrans1.ltrans.o
                0x080018d0                Vector58
                0x080018d0                VectorE8
                0x080018d0                Vector9C
                0x080018d0                VectorAC
                0x080018d0                DebugMon_Handler
                0x080018d0                Vector1A0
                0x080018d0                Vector5C
                0x080018d0                Vector11C
                0x080018d0                HardFault_Handler
                0x080018d0                Vector1B8
                0x080018d0                Vector19C
                0x080018d0                Vector8C
                0x080018d0                SysTick_Handler
                0x080018d0                VectorDC
                0x080018d0                PendSV_Handler
                0x080018d0                Vector168
                0x080018d0                NMI_Handler
                0x080018d0                Vector110
                0x080018d0                VectorC8
                0x080018d0                Vector94
                0x080018d0                VectorA8
                0x080018d0                VectorB4
                0x080018d0                Vector160
                0x080018d0                Vector1B0
                0x080018d0                UsageFault_Handler
                0x080018d0                VectorEC
                0x080018d0                Vector40
                0x080018d0                VectorF8
                0x080018d0                Vector108
                0x080018d0                VectorBC
                0x080018d0                Vector190
                0x080018d0                Vector148
                0x080018d0                Vector188
                0x080018d0                Vector198
                0x080018d0                Vector118
                0x080018d0                Vector64
                0x080018d0                VectorCC
                0x080018d0                Vector54
                0x080018d0                Vector98
                0x080018d0                VectorD8
                0x080018d0                Vector138
                0x080018d0                Vector24
                0x080018d0                Vector1AC
                0x080018d0                Vector178
                0x080018d0                Vector1A4
                0x080018d0                VectorD0
                0x080018d0                Vector1B4
                0x080018d0                Vector140
                0x080018d0                VectorE4
                0x080018d0                VectorC0
                0x080018d0                Vector134
                0x080018d0                VectorF0
                0x080018d0                Vector13C
                0x080018d0                Vector100
                0x080018d0                VectorE0
                0x080018d0                VectorF4
                0x080018d0                MemManage_Handler
                0x080018d0                VectorA0
                0x080018d0                VectorC4
                0x080018d0                Vector180
                0x080018d0                Vector90
                0x080018d0                Vector114
                0x080018d0                Vector164
                0x080018d0                Vector60
                0x080018d0                Vector1C
                0x080018d0                Vector1BC
                0x080018d0                Vector17C
                0x080018d0                Vector48
                0x080018d0                Vector1A8
                0x080018d0                Vector16C
                0x080018d0                VectorD4
                0x080018d0                Vector4C
                0x080018d0                Vector144
                0x080018d0                Vector15C
                0x080018d0                Vector68
                0x080018d0                Vector170
                0x080018d0                Vector88
                0x080018d0                Vector104
                0x080018d0                Vector184
                0x080018d0                Vector10C
                0x080018d0                Vector14C
                0x080018d0                BusFault_Handler
                0x080018d0                Vector50
                0x080018d0                Vector194
                0x080018d0                Vector44
                0x080018d0                Vector28
                0x080018d0                VectorB8
                0x080018d0                Vector34
                0x080018d0                VectorA4
                0x080018d0                Vector20
                0x080018d0                Vector18C
                0x080018d0                Vector174
 *fill*         0x080018d4        0xc 
 .text.__default_exit
                0x080018e0        0x4 C:\Users\PETERL~1\AppData\Local\Temp\ccPkArEZ.ltrans1.ltrans.o
                0x080018e0                __default_exit
 *fill*         0x080018e4        0xc 
 .text.__late_init
                0x080018f0        0x4 C:\Users\PETERL~1\AppData\Local\Temp\ccPkArEZ.ltrans1.ltrans.o
                0x080018f0                __late_init
 *fill*         0x080018f4        0xc 
 .text.__core_init
                0x08001900        0x4 C:\Users\PETERL~1\AppData\Local\Temp\ccPkArEZ.ltrans1.ltrans.o
                0x08001900                __core_init
 *fill*         0x08001904        0xc 
 .text.dmaStreamAllocate.constprop.12
                0x08001910       0xd0 C:\Users\PETERL~1\AppData\Local\Temp\ccPkArEZ.ltrans2.ltrans.o
 .text.chSchGoSleepTimeoutS.constprop.22
                0x080019e0      0x128 C:\Users\PETERL~1\AppData\Local\Temp\ccPkArEZ.ltrans2.ltrans.o
                0x080019e0                chSchGoSleepTimeoutS.constprop.22
 *fill*         0x08001b08        0x8 
 .text.chMtxLockS.constprop.18
                0x08001b10      0x12c C:\Users\PETERL~1\AppData\Local\Temp\ccPkArEZ.ltrans2.ltrans.o
                0x08001b10                chMtxLockS.constprop.18
 *fill*         0x08001c3c        0x4 
 .text.chMtxUnlock.constprop.16
                0x08001c40       0xe4 C:\Users\PETERL~1\AppData\Local\Temp\ccPkArEZ.ltrans2.ltrans.o
                0x08001c40                chMtxUnlock.constprop.16
 *fill*         0x08001d24        0xc 
 .text.spiStart.constprop.10
                0x08001d30       0xd8 C:\Users\PETERL~1\AppData\Local\Temp\ccPkArEZ.ltrans2.ltrans.o
                0x08001d30                spiStart.constprop.10
 *fill*         0x08001e08        0x8 
 .text.spiStop.constprop.8
                0x08001e10       0x64 C:\Users\PETERL~1\AppData\Local\Temp\ccPkArEZ.ltrans2.ltrans.o
                0x08001e10                spiStop.constprop.8
 *fill*         0x08001e74        0xc 
 .text.spiSelect.constprop.6
                0x08001e80       0x6c C:\Users\PETERL~1\AppData\Local\Temp\ccPkArEZ.ltrans2.ltrans.o
                0x08001e80                spiSelect.constprop.6
 *fill*         0x08001eec        0x4 
 .text.spiUnselect.constprop.4
                0x08001ef0       0x6c C:\Users\PETERL~1\AppData\Local\Temp\ccPkArEZ.ltrans2.ltrans.o
                0x08001ef0                spiUnselect.constprop.4
 *(.rodata)
 *(.rodata.*)
 *fill*         0x08001f5c        0x4 
 .rodata.__func__.6656
                0x08001f60        0xd C:\Users\PETERL~1\AppData\Local\Temp\ccPkArEZ.ltrans0.ltrans.o
 *fill*         0x08001f6d        0x3 
 .rodata.__func__.7081
                0x08001f70        0x8 C:\Users\PETERL~1\AppData\Local\Temp\ccPkArEZ.ltrans0.ltrans.o
 *fill*         0x08001f78        0x8 
 .rodata.__func__.7108
                0x08001f80       0x11 C:\Users\PETERL~1\AppData\Local\Temp\ccPkArEZ.ltrans0.ltrans.o
 *fill*         0x08001f91        0xf 
 .rodata.__func__.5877.lto_priv.34
                0x08001fa0        0xc C:\Users\PETERL~1\AppData\Local\Temp\ccPkArEZ.ltrans0.ltrans.o
 *fill*         0x08001fac        0x4 
 .rodata._stm32_dma_streams
                0x08001fb0       0xc0 C:\Users\PETERL~1\AppData\Local\Temp\ccPkArEZ.ltrans0.ltrans.o
 .rodata.str1.4
                0x08002070       0x29 C:\Users\PETERL~1\AppData\Local\Temp\ccPkArEZ.ltrans0.ltrans.o
 *fill*         0x08002099        0x7 
 .rodata.__func__.5963
                0x080020a0        0xc C:\Users\PETERL~1\AppData\Local\Temp\ccPkArEZ.ltrans0.ltrans.o
 *fill*         0x080020ac        0x4 
 .rodata.ch_debug
                0x080020b0       0x16 C:\Users\PETERL~1\AppData\Local\Temp\ccPkArEZ.ltrans0.ltrans.o
 *fill*         0x080020c6        0xa 
 .rodata.__func__.6644
                0x080020d0        0xe C:\Users\PETERL~1\AppData\Local\Temp\ccPkArEZ.ltrans0.ltrans.o
 *fill*         0x080020de        0x2 
 .rodata.__func__.5877.lto_priv.40
                0x080020e0        0xc C:\Users\PETERL~1\AppData\Local\Temp\ccPkArEZ.ltrans1.ltrans.o
 *fill*         0x080020ec        0x4 
 .rodata.__func__.5877.lto_priv.41
                0x080020f0        0xc C:\Users\PETERL~1\AppData\Local\Temp\ccPkArEZ.ltrans1.ltrans.o
 *fill*         0x080020fc        0x4 
 .rodata.str1.4
                0x08002100       0x40 C:\Users\PETERL~1\AppData\Local\Temp\ccPkArEZ.ltrans1.ltrans.o
                                 0x4d (size before relaxing)
 .rodata.__func__.6578
                0x08002140        0xc C:\Users\PETERL~1\AppData\Local\Temp\ccPkArEZ.ltrans1.ltrans.o
 *fill*         0x0800214c        0x4 
 .rodata.__func__.6634
                0x08002150        0xb C:\Users\PETERL~1\AppData\Local\Temp\ccPkArEZ.ltrans1.ltrans.o
 *fill*         0x0800215b        0x5 
 .rodata.__func__.7030
                0x08002160        0xb C:\Users\PETERL~1\AppData\Local\Temp\ccPkArEZ.ltrans1.ltrans.o
 *fill*         0x0800216b        0x5 
 .rodata.__func__.7039
                0x08002170        0xc C:\Users\PETERL~1\AppData\Local\Temp\ccPkArEZ.ltrans2.ltrans.o
 *fill*         0x0800217c        0x4 
 .rodata.__func__.5877.lto_priv.35
                0x08002180        0xc C:\Users\PETERL~1\AppData\Local\Temp\ccPkArEZ.ltrans2.ltrans.o
                0x08002180                __func__.5877.lto_priv.35
 *fill*         0x0800218c        0x4 
 .rodata.__func__.7101
                0x08002190       0x12 C:\Users\PETERL~1\AppData\Local\Temp\ccPkArEZ.ltrans2.ltrans.o
 *fill*         0x080021a2        0xe 
 .rodata.__func__.6604
                0x080021b0        0xc C:\Users\PETERL~1\AppData\Local\Temp\ccPkArEZ.ltrans2.ltrans.o
 *fill*         0x080021bc        0x4 
 .rodata.__func__.7041
                0x080021c0        0xe C:\Users\PETERL~1\AppData\Local\Temp\ccPkArEZ.ltrans2.ltrans.o
 *fill*         0x080021ce        0x2 
 .rodata.__func__.6581.lto_priv.29
                0x080021d0        0xb C:\Users\PETERL~1\AppData\Local\Temp\ccPkArEZ.ltrans2.ltrans.o
 *fill*         0x080021db        0x5 
 .rodata.__func__.7023
                0x080021e0        0xd C:\Users\PETERL~1\AppData\Local\Temp\ccPkArEZ.ltrans2.ltrans.o
 *fill*         0x080021ed        0x3 
 .rodata.__func__.7031
                0x080021f0        0x8 C:\Users\PETERL~1\AppData\Local\Temp\ccPkArEZ.ltrans2.ltrans.o
 *fill*         0x080021f8        0x8 
 .rodata.__func__.7027
                0x08002200        0x9 C:\Users\PETERL~1\AppData\Local\Temp\ccPkArEZ.ltrans2.ltrans.o
 *fill*         0x08002209        0x7 
 .rodata.__func__.7035
                0x08002210        0xa C:\Users\PETERL~1\AppData\Local\Temp\ccPkArEZ.ltrans2.ltrans.o
 *fill*         0x0800221a        0x6 
 .rodata.hs_spicfg.lto_priv.36
                0x08002220        0xc C:\Users\PETERL~1\AppData\Local\Temp\ccPkArEZ.ltrans2.ltrans.o
                0x08002220                hs_spicfg.lto_priv.36
 *(.glue_7t)
 .glue_7t       0x00000000        0x0 linker stubs
 *(.glue_7)
 .glue_7        0x00000000        0x0 linker stubs
 *(.gcc*)

.vfp11_veneer   0x0800222c        0x0
 .vfp11_veneer  0x00000000        0x0 linker stubs

.v4_bx          0x0800222c        0x0
 .v4_bx         0x00000000        0x0 linker stubs

.iplt           0x0800222c        0x0
 .iplt          0x00000000        0x0 build/obj/crt0_v7m.o

.rel.dyn        0x0800222c        0x0
 .rel.iplt      0x00000000        0x0 build/obj/crt0_v7m.o

.ARM.extab
 *(.ARM.extab* .gnu.linkonce.armextab.*)

.ARM.exidx      0x0800222c        0x0
                0x0800222c                PROVIDE (__exidx_start, .)
 *(.ARM.exidx* .gnu.linkonce.armexidx.*)
                0x0800222c                PROVIDE (__exidx_end, .)

.eh_frame_hdr
 *(.eh_frame_hdr)

.eh_frame
 *(.eh_frame)

.textalign      0x0800222c        0x4
                0x08002230                . = ALIGN (0x8)
 *fill*         0x0800222c        0x4 
                0x08002230                . = ALIGN (0x4)
                0x08002230                _etext = .
                0x08002230                _textdata = _etext

.mstack         0x20000000      0x400
                0x20000000                . = ALIGN (0x8)
                0x20000000                __main_stack_base__ = .
                0x20000400                . = (. + __main_stack_size__)
 *fill*         0x20000000      0x400 
                0x20000400                . = ALIGN (0x8)
                0x20000400                __main_stack_end__ = .

.pstack         0x20000400      0x400
                0x20000400                __process_stack_base__ = .
                0x20000400                __main_thread_stack_base__ = .
                0x20000800                . = (. + __process_stack_size__)
 *fill*         0x20000400      0x400 
                0x20000800                . = ALIGN (0x8)
                0x20000800                __process_stack_end__ = .
                0x20000800                __main_thread_stack_end__ = .

.data           0x20000800       0x54 load address 0x08002230
                0x20000800                . = ALIGN (0x4)
                0x20000800                PROVIDE (_data, .)
 *(.data)
 *(.data.*)
 .data.ADF4159_register_values_buf
                0x20000800       0x20 C:\Users\PETERL~1\AppData\Local\Temp\ccPkArEZ.ltrans0.ltrans.o
 .data.ADF4355_register_values_buf
                0x20000820       0x34 C:\Users\PETERL~1\AppData\Local\Temp\ccPkArEZ.ltrans0.ltrans.o
 *(.ramtext)
                0x20000854                . = ALIGN (0x4)
                0x20000854                PROVIDE (_edata, .)

.igot.plt       0x20000854        0x0 load address 0x08002284
 .igot.plt      0x00000000        0x0 build/obj/crt0_v7m.o

.bss            0x20000858      0x6c8 load address 0x08002284
                0x20000858                . = ALIGN (0x4)
                0x20000858                PROVIDE (_bss_start, .)
 *(.bss)
 *(.bss.*)
 .bss.default_heap
                0x20000858       0x28 C:\Users\PETERL~1\AppData\Local\Temp\ccPkArEZ.ltrans0.ltrans.o
 .bss.dummytx   0x20000880        0x2 C:\Users\PETERL~1\AppData\Local\Temp\ccPkArEZ.ltrans0.ltrans.o
 *fill*         0x20000882        0x2 
 .bss.endmem.lto_priv.42
                0x20000884        0x4 C:\Users\PETERL~1\AppData\Local\Temp\ccPkArEZ.ltrans0.ltrans.o
                0x20000884                endmem.lto_priv.42
 .bss.nextmem.lto_priv.43
                0x20000888        0x4 C:\Users\PETERL~1\AppData\Local\Temp\ccPkArEZ.ltrans0.ltrans.o
                0x20000888                nextmem.lto_priv.43
 .bss.dummyrx   0x2000088c        0x2 C:\Users\PETERL~1\AppData\Local\Temp\ccPkArEZ.ltrans0.ltrans.o
 *fill*         0x2000088e        0x2 
 .bss.dma_isr_redir.lto_priv.39
                0x20000890       0x80 C:\Users\PETERL~1\AppData\Local\Temp\ccPkArEZ.ltrans2.ltrans.o
                0x20000890                dma_isr_redir.lto_priv.39
 .bss.ch        0x20000910      0x5d8 C:\Users\PETERL~1\AppData\Local\Temp\ccPkArEZ.ltrans2.ltrans.o
                0x20000910                ch
 .bss.SPID1     0x20000ee8       0x34 C:\Users\PETERL~1\AppData\Local\Temp\ccPkArEZ.ltrans2.ltrans.o
                0x20000ee8                SPID1
 .bss.dma_streams_mask.lto_priv.38
                0x20000f1c        0x4 C:\Users\PETERL~1\AppData\Local\Temp\ccPkArEZ.ltrans2.ltrans.o
                0x20000f1c                dma_streams_mask.lto_priv.38
 *(COMMON)
                0x20000f20                . = ALIGN (0x4)
                0x20000f20                PROVIDE (_bss_end, .)
                0x20000f20                PROVIDE (end, .)

.ram0           0x20000f20        0x0 load address 0x08002284
                0x20000f20                . = ALIGN (0x4)
 *(.ram0)
 *(.ram0.*)
                0x20000f20                . = ALIGN (0x4)
                0x20000f20                __ram0_free__ = .

.ram1           0x20000000        0x0
                0x20000000                . = ALIGN (0x4)
 *(.ram1)
 *(.ram1.*)
                0x20000000                . = ALIGN (0x4)
                0x20000000                __ram1_free__ = .

.ram2           0x2001c000        0x0
                0x2001c000                . = ALIGN (0x4)
 *(.ram2)
 *(.ram2.*)
                0x2001c000                . = ALIGN (0x4)
                0x2001c000                __ram2_free__ = .

.ram3           0x00000000        0x0
                0x00000000                . = ALIGN (0x4)
 *(.ram3)
 *(.ram3.*)
                0x00000000                . = ALIGN (0x4)
                0x00000000                __ram3_free__ = .

.ram4           0x10000000        0x0
                0x10000000                . = ALIGN (0x4)
 *(.ram4)
 *(.ram4.*)
                0x10000000                . = ALIGN (0x4)
                0x10000000                __ram4_free__ = .

.ram5           0x40024000        0x0
                0x40024000                . = ALIGN (0x4)
 *(.ram5)
 *(.ram5.*)
                0x40024000                . = ALIGN (0x4)
                0x40024000                __ram5_free__ = .

.ram6           0x00000000        0x0
                0x00000000                . = ALIGN (0x4)
 *(.ram6)
 *(.ram6.*)
                0x00000000                . = ALIGN (0x4)
                0x00000000                __ram6_free__ = .

.ram7           0x00000000        0x0
                0x00000000                . = ALIGN (0x4)
 *(.ram7)
 *(.ram7.*)
                0x00000000                . = ALIGN (0x4)
                0x00000000                __ram7_free__ = .
                0x20000f20                __heap_base__ = __ram0_free__
                0x20020000                __heap_end__ = __ram0_end__
                0x00000400                __process_stack_size__ = 0x400
                0x00000400                __main_stack_size__ = 0x400
START GROUP
LOAD c:/chibistudio/tools/gnu tools arm embedded/4.9 2015q3/bin/../lib/gcc/arm-none-eabi/4.9.3/armv7e-m\libgcc.a
LOAD c:/chibistudio/tools/gnu tools arm embedded/4.9 2015q3/bin/../lib/gcc/arm-none-eabi/4.9.3/../../../../arm-none-eabi/lib/armv7e-m\libg.a
LOAD c:/chibistudio/tools/gnu tools arm embedded/4.9 2015q3/bin/../lib/gcc/arm-none-eabi/4.9.3/../../../../arm-none-eabi/lib/armv7e-m\libc.a
END GROUP
OUTPUT(build/ch.elf elf32-littlearm)

.ARM.attributes
                0x00000000       0x2d
 .ARM.attributes
                0x00000000       0x21 build/obj/crt0_v7m.o
 .ARM.attributes
                0x00000021       0x21 build/obj/chcoreasm_v7m.o
 .ARM.attributes
                0x00000042       0x31 C:\Users\PETERL~1\AppData\Local\Temp\ccPkArEZ.ltrans0.ltrans.o
 .ARM.attributes
                0x00000073       0x31 C:\Users\PETERL~1\AppData\Local\Temp\ccPkArEZ.ltrans1.ltrans.o
 .ARM.attributes
                0x000000a4       0x31 C:\Users\PETERL~1\AppData\Local\Temp\ccPkArEZ.ltrans2.ltrans.o

.comment        0x00000000       0x70
 .comment       0x00000000       0x70 C:\Users\PETERL~1\AppData\Local\Temp\ccPkArEZ.ltrans0.ltrans.o
                                 0x71 (size before relaxing)
 .comment       0x00000000       0x71 C:\Users\PETERL~1\AppData\Local\Temp\ccPkArEZ.ltrans1.ltrans.o
 .comment       0x00000000       0x71 C:\Users\PETERL~1\AppData\Local\Temp\ccPkArEZ.ltrans2.ltrans.o

.debug_info     0x00000000     0x6fc5
 .debug_info    0x00000000     0x3015 C:\Users\PETERL~1\AppData\Local\Temp\ccPkArEZ.ltrans0.ltrans.o
 .debug_info    0x00003015     0x1eb3 C:\Users\PETERL~1\AppData\Local\Temp\ccPkArEZ.ltrans1.ltrans.o
 .debug_info    0x00004ec8     0x20fd C:\Users\PETERL~1\AppData\Local\Temp\ccPkArEZ.ltrans2.ltrans.o

.debug_abbrev   0x00000000      0xffb
 .debug_abbrev  0x00000000      0x5d9 C:\Users\PETERL~1\AppData\Local\Temp\ccPkArEZ.ltrans0.ltrans.o
 .debug_abbrev  0x000005d9      0x559 C:\Users\PETERL~1\AppData\Local\Temp\ccPkArEZ.ltrans1.ltrans.o
 .debug_abbrev  0x00000b32      0x4c9 C:\Users\PETERL~1\AppData\Local\Temp\ccPkArEZ.ltrans2.ltrans.o

.debug_loc      0x00000000     0x1345
 .debug_loc     0x00000000      0x628 C:\Users\PETERL~1\AppData\Local\Temp\ccPkArEZ.ltrans0.ltrans.o
 .debug_loc     0x00000628      0x630 C:\Users\PETERL~1\AppData\Local\Temp\ccPkArEZ.ltrans1.ltrans.o
 .debug_loc     0x00000c58      0x6ed C:\Users\PETERL~1\AppData\Local\Temp\ccPkArEZ.ltrans2.ltrans.o

.debug_aranges  0x00000000      0x240
 .debug_aranges
                0x00000000       0x50 C:\Users\PETERL~1\AppData\Local\Temp\ccPkArEZ.ltrans0.ltrans.o
 .debug_aranges
                0x00000050      0x198 C:\Users\PETERL~1\AppData\Local\Temp\ccPkArEZ.ltrans1.ltrans.o
 .debug_aranges
                0x000001e8       0x58 C:\Users\PETERL~1\AppData\Local\Temp\ccPkArEZ.ltrans2.ltrans.o

.debug_ranges   0x00000000      0xfa0
 .debug_ranges  0x00000000      0x968 C:\Users\PETERL~1\AppData\Local\Temp\ccPkArEZ.ltrans0.ltrans.o
 .debug_ranges  0x00000968      0x348 C:\Users\PETERL~1\AppData\Local\Temp\ccPkArEZ.ltrans1.ltrans.o
 .debug_ranges  0x00000cb0      0x2f0 C:\Users\PETERL~1\AppData\Local\Temp\ccPkArEZ.ltrans2.ltrans.o

.debug_line     0x00000000     0x240f
 .debug_line    0x00000000      0xe61 C:\Users\PETERL~1\AppData\Local\Temp\ccPkArEZ.ltrans0.ltrans.o
 .debug_line    0x00000e61      0xbe5 C:\Users\PETERL~1\AppData\Local\Temp\ccPkArEZ.ltrans1.ltrans.o
 .debug_line    0x00001a46      0x9c9 C:\Users\PETERL~1\AppData\Local\Temp\ccPkArEZ.ltrans2.ltrans.o

.debug_str      0x00000000     0x18f0
 .debug_str     0x00000000     0x11f8 C:\Users\PETERL~1\AppData\Local\Temp\ccPkArEZ.ltrans0.ltrans.o
                               0x1296 (size before relaxing)
 .debug_str     0x000011f8      0x2d7 C:\Users\PETERL~1\AppData\Local\Temp\ccPkArEZ.ltrans1.ltrans.o
                                0x9c9 (size before relaxing)
 .debug_str     0x000014cf      0x421 C:\Users\PETERL~1\AppData\Local\Temp\ccPkArEZ.ltrans2.ltrans.o
                                0xd42 (size before relaxing)

.debug_frame    0x00000000      0x69c
 .debug_frame   0x00000000       0xf4 C:\Users\PETERL~1\AppData\Local\Temp\ccPkArEZ.ltrans0.ltrans.o
 .debug_frame   0x000000f4      0x474 C:\Users\PETERL~1\AppData\Local\Temp\ccPkArEZ.ltrans1.ltrans.o
 .debug_frame   0x00000568      0x134 C:\Users\PETERL~1\AppData\Local\Temp\ccPkArEZ.ltrans2.ltrans.o

Cross Reference Table

Symbol                                            File
ADF4159_init                                      build/obj/init_functions.o (symbol from plugin)
                                                  build/obj/main.o (symbol from plugin)
ADF4355_init                                      build/obj/init_functions.o (symbol from plugin)
                                                  build/obj/main.o (symbol from plugin)
BusFault_Handler                                  C:\Users\PETERL~1\AppData\Local\Temp\ccPkArEZ.ltrans1.ltrans.o
                                                  build/obj/vectors.o (symbol from plugin)
                                                  C:\Users\PETERL~1\AppData\Local\Temp\ccPkArEZ.ltrans0.ltrans.o
DebugMon_Handler                                  C:\Users\PETERL~1\AppData\Local\Temp\ccPkArEZ.ltrans1.ltrans.o
                                                  build/obj/vectors.o (symbol from plugin)
                                                  C:\Users\PETERL~1\AppData\Local\Temp\ccPkArEZ.ltrans0.ltrans.o
HardFault_Handler                                 C:\Users\PETERL~1\AppData\Local\Temp\ccPkArEZ.ltrans1.ltrans.o
                                                  build/obj/vectors.o (symbol from plugin)
                                                  C:\Users\PETERL~1\AppData\Local\Temp\ccPkArEZ.ltrans0.ltrans.o
MemManage_Handler                                 C:\Users\PETERL~1\AppData\Local\Temp\ccPkArEZ.ltrans1.ltrans.o
                                                  build/obj/vectors.o (symbol from plugin)
                                                  C:\Users\PETERL~1\AppData\Local\Temp\ccPkArEZ.ltrans0.ltrans.o
NMI_Handler                                       C:\Users\PETERL~1\AppData\Local\Temp\ccPkArEZ.ltrans1.ltrans.o
                                                  build/obj/vectors.o (symbol from plugin)
                                                  C:\Users\PETERL~1\AppData\Local\Temp\ccPkArEZ.ltrans0.ltrans.o
PendSV_Handler                                    C:\Users\PETERL~1\AppData\Local\Temp\ccPkArEZ.ltrans1.ltrans.o
                                                  build/obj/vectors.o (symbol from plugin)
                                                  C:\Users\PETERL~1\AppData\Local\Temp\ccPkArEZ.ltrans0.ltrans.o
Reset_Handler                                     build/obj/crt0_v7m.o
                                                  C:\Users\PETERL~1\AppData\Local\Temp\ccPkArEZ.ltrans0.ltrans.o
SPID1                                             C:\Users\PETERL~1\AppData\Local\Temp\ccPkArEZ.ltrans2.ltrans.o
                                                  build/obj/spi_lld.o (symbol from plugin)
                                                  C:\Users\PETERL~1\AppData\Local\Temp\ccPkArEZ.ltrans0.ltrans.o
                                                  build/obj/init_functions.o (symbol from plugin)
SVC_Handler                                       C:\Users\PETERL~1\AppData\Local\Temp\ccPkArEZ.ltrans1.ltrans.o
                                                  build/obj/chcore_v7m.o (symbol from plugin)
                                                  build/obj/vectors.o (symbol from plugin)
                                                  C:\Users\PETERL~1\AppData\Local\Temp\ccPkArEZ.ltrans0.ltrans.o
SysTick_Handler                                   C:\Users\PETERL~1\AppData\Local\Temp\ccPkArEZ.ltrans1.ltrans.o
                                                  build/obj/vectors.o (symbol from plugin)
                                                  C:\Users\PETERL~1\AppData\Local\Temp\ccPkArEZ.ltrans0.ltrans.o
SystemCoreClock                                   build/obj/hal_lld.o (symbol from plugin)
UsageFault_Handler                                C:\Users\PETERL~1\AppData\Local\Temp\ccPkArEZ.ltrans1.ltrans.o
                                                  build/obj/vectors.o (symbol from plugin)
                                                  C:\Users\PETERL~1\AppData\Local\Temp\ccPkArEZ.ltrans0.ltrans.o
Vector100                                         C:\Users\PETERL~1\AppData\Local\Temp\ccPkArEZ.ltrans1.ltrans.o
                                                  build/obj/vectors.o (symbol from plugin)
                                                  C:\Users\PETERL~1\AppData\Local\Temp\ccPkArEZ.ltrans0.ltrans.o
Vector104                                         C:\Users\PETERL~1\AppData\Local\Temp\ccPkArEZ.ltrans1.ltrans.o
                                                  build/obj/vectors.o (symbol from plugin)
                                                  C:\Users\PETERL~1\AppData\Local\Temp\ccPkArEZ.ltrans0.ltrans.o
Vector108                                         C:\Users\PETERL~1\AppData\Local\Temp\ccPkArEZ.ltrans1.ltrans.o
                                                  build/obj/vectors.o (symbol from plugin)
                                                  C:\Users\PETERL~1\AppData\Local\Temp\ccPkArEZ.ltrans0.ltrans.o
Vector10C                                         C:\Users\PETERL~1\AppData\Local\Temp\ccPkArEZ.ltrans1.ltrans.o
                                                  build/obj/vectors.o (symbol from plugin)
                                                  C:\Users\PETERL~1\AppData\Local\Temp\ccPkArEZ.ltrans0.ltrans.o
Vector110                                         C:\Users\PETERL~1\AppData\Local\Temp\ccPkArEZ.ltrans1.ltrans.o
                                                  build/obj/vectors.o (symbol from plugin)
                                                  C:\Users\PETERL~1\AppData\Local\Temp\ccPkArEZ.ltrans0.ltrans.o
Vector114                                         C:\Users\PETERL~1\AppData\Local\Temp\ccPkArEZ.ltrans1.ltrans.o
                                                  build/obj/vectors.o (symbol from plugin)
                                                  C:\Users\PETERL~1\AppData\Local\Temp\ccPkArEZ.ltrans0.ltrans.o
Vector118                                         C:\Users\PETERL~1\AppData\Local\Temp\ccPkArEZ.ltrans1.ltrans.o
                                                  build/obj/vectors.o (symbol from plugin)
                                                  C:\Users\PETERL~1\AppData\Local\Temp\ccPkArEZ.ltrans0.ltrans.o
Vector11C                                         C:\Users\PETERL~1\AppData\Local\Temp\ccPkArEZ.ltrans1.ltrans.o
                                                  build/obj/vectors.o (symbol from plugin)
                                                  C:\Users\PETERL~1\AppData\Local\Temp\ccPkArEZ.ltrans0.ltrans.o
Vector120                                         C:\Users\PETERL~1\AppData\Local\Temp\ccPkArEZ.ltrans1.ltrans.o
                                                  build/obj/stm32_dma.o (symbol from plugin)
                                                  build/obj/vectors.o (symbol from plugin)
                                                  C:\Users\PETERL~1\AppData\Local\Temp\ccPkArEZ.ltrans0.ltrans.o
Vector124                                         C:\Users\PETERL~1\AppData\Local\Temp\ccPkArEZ.ltrans1.ltrans.o
                                                  build/obj/stm32_dma.o (symbol from plugin)
                                                  build/obj/vectors.o (symbol from plugin)
                                                  C:\Users\PETERL~1\AppData\Local\Temp\ccPkArEZ.ltrans0.ltrans.o
Vector128                                         C:\Users\PETERL~1\AppData\Local\Temp\ccPkArEZ.ltrans1.ltrans.o
                                                  build/obj/stm32_dma.o (symbol from plugin)
                                                  build/obj/vectors.o (symbol from plugin)
                                                  C:\Users\PETERL~1\AppData\Local\Temp\ccPkArEZ.ltrans0.ltrans.o
Vector12C                                         C:\Users\PETERL~1\AppData\Local\Temp\ccPkArEZ.ltrans1.ltrans.o
                                                  build/obj/stm32_dma.o (symbol from plugin)
                                                  build/obj/vectors.o (symbol from plugin)
                                                  C:\Users\PETERL~1\AppData\Local\Temp\ccPkArEZ.ltrans0.ltrans.o
Vector130                                         C:\Users\PETERL~1\AppData\Local\Temp\ccPkArEZ.ltrans1.ltrans.o
                                                  build/obj/stm32_dma.o (symbol from plugin)
                                                  build/obj/vectors.o (symbol from plugin)
                                                  C:\Users\PETERL~1\AppData\Local\Temp\ccPkArEZ.ltrans0.ltrans.o
Vector134                                         C:\Users\PETERL~1\AppData\Local\Temp\ccPkArEZ.ltrans1.ltrans.o
                                                  build/obj/vectors.o (symbol from plugin)
                                                  C:\Users\PETERL~1\AppData\Local\Temp\ccPkArEZ.ltrans0.ltrans.o
Vector138                                         C:\Users\PETERL~1\AppData\Local\Temp\ccPkArEZ.ltrans1.ltrans.o
                                                  build/obj/vectors.o (symbol from plugin)
                                                  C:\Users\PETERL~1\AppData\Local\Temp\ccPkArEZ.ltrans0.ltrans.o
Vector13C                                         C:\Users\PETERL~1\AppData\Local\Temp\ccPkArEZ.ltrans1.ltrans.o
                                                  build/obj/vectors.o (symbol from plugin)
                                                  C:\Users\PETERL~1\AppData\Local\Temp\ccPkArEZ.ltrans0.ltrans.o
Vector140                                         C:\Users\PETERL~1\AppData\Local\Temp\ccPkArEZ.ltrans1.ltrans.o
                                                  build/obj/vectors.o (symbol from plugin)
                                                  C:\Users\PETERL~1\AppData\Local\Temp\ccPkArEZ.ltrans0.ltrans.o
Vector144                                         C:\Users\PETERL~1\AppData\Local\Temp\ccPkArEZ.ltrans1.ltrans.o
                                                  build/obj/vectors.o (symbol from plugin)
                                                  C:\Users\PETERL~1\AppData\Local\Temp\ccPkArEZ.ltrans0.ltrans.o
Vector148                                         C:\Users\PETERL~1\AppData\Local\Temp\ccPkArEZ.ltrans1.ltrans.o
                                                  build/obj/vectors.o (symbol from plugin)
                                                  C:\Users\PETERL~1\AppData\Local\Temp\ccPkArEZ.ltrans0.ltrans.o
Vector14C                                         C:\Users\PETERL~1\AppData\Local\Temp\ccPkArEZ.ltrans1.ltrans.o
                                                  build/obj/vectors.o (symbol from plugin)
                                                  C:\Users\PETERL~1\AppData\Local\Temp\ccPkArEZ.ltrans0.ltrans.o
Vector150                                         C:\Users\PETERL~1\AppData\Local\Temp\ccPkArEZ.ltrans1.ltrans.o
                                                  build/obj/stm32_dma.o (symbol from plugin)
                                                  build/obj/vectors.o (symbol from plugin)
                                                  C:\Users\PETERL~1\AppData\Local\Temp\ccPkArEZ.ltrans0.ltrans.o
Vector154                                         C:\Users\PETERL~1\AppData\Local\Temp\ccPkArEZ.ltrans1.ltrans.o
                                                  build/obj/stm32_dma.o (symbol from plugin)
                                                  build/obj/vectors.o (symbol from plugin)
                                                  C:\Users\PETERL~1\AppData\Local\Temp\ccPkArEZ.ltrans0.ltrans.o
Vector158                                         C:\Users\PETERL~1\AppData\Local\Temp\ccPkArEZ.ltrans1.ltrans.o
                                                  build/obj/stm32_dma.o (symbol from plugin)
                                                  build/obj/vectors.o (symbol from plugin)
                                                  C:\Users\PETERL~1\AppData\Local\Temp\ccPkArEZ.ltrans0.ltrans.o
Vector15C                                         C:\Users\PETERL~1\AppData\Local\Temp\ccPkArEZ.ltrans1.ltrans.o
                                                  build/obj/vectors.o (symbol from plugin)
                                                  C:\Users\PETERL~1\AppData\Local\Temp\ccPkArEZ.ltrans0.ltrans.o
Vector160                                         C:\Users\PETERL~1\AppData\Local\Temp\ccPkArEZ.ltrans1.ltrans.o
                                                  build/obj/vectors.o (symbol from plugin)
                                                  C:\Users\PETERL~1\AppData\Local\Temp\ccPkArEZ.ltrans0.ltrans.o
Vector164                                         C:\Users\PETERL~1\AppData\Local\Temp\ccPkArEZ.ltrans1.ltrans.o
                                                  build/obj/vectors.o (symbol from plugin)
                                                  C:\Users\PETERL~1\AppData\Local\Temp\ccPkArEZ.ltrans0.ltrans.o
Vector168                                         C:\Users\PETERL~1\AppData\Local\Temp\ccPkArEZ.ltrans1.ltrans.o
                                                  build/obj/vectors.o (symbol from plugin)
                                                  C:\Users\PETERL~1\AppData\Local\Temp\ccPkArEZ.ltrans0.ltrans.o
Vector16C                                         C:\Users\PETERL~1\AppData\Local\Temp\ccPkArEZ.ltrans1.ltrans.o
                                                  build/obj/vectors.o (symbol from plugin)
                                                  C:\Users\PETERL~1\AppData\Local\Temp\ccPkArEZ.ltrans0.ltrans.o
Vector170                                         C:\Users\PETERL~1\AppData\Local\Temp\ccPkArEZ.ltrans1.ltrans.o
                                                  build/obj/vectors.o (symbol from plugin)
                                                  C:\Users\PETERL~1\AppData\Local\Temp\ccPkArEZ.ltrans0.ltrans.o
Vector174                                         C:\Users\PETERL~1\AppData\Local\Temp\ccPkArEZ.ltrans1.ltrans.o
                                                  build/obj/vectors.o (symbol from plugin)
                                                  C:\Users\PETERL~1\AppData\Local\Temp\ccPkArEZ.ltrans0.ltrans.o
Vector178                                         C:\Users\PETERL~1\AppData\Local\Temp\ccPkArEZ.ltrans1.ltrans.o
                                                  build/obj/vectors.o (symbol from plugin)
                                                  C:\Users\PETERL~1\AppData\Local\Temp\ccPkArEZ.ltrans0.ltrans.o
Vector17C                                         C:\Users\PETERL~1\AppData\Local\Temp\ccPkArEZ.ltrans1.ltrans.o
                                                  build/obj/vectors.o (symbol from plugin)
                                                  C:\Users\PETERL~1\AppData\Local\Temp\ccPkArEZ.ltrans0.ltrans.o
Vector180                                         C:\Users\PETERL~1\AppData\Local\Temp\ccPkArEZ.ltrans1.ltrans.o
                                                  build/obj/vectors.o (symbol from plugin)
                                                  C:\Users\PETERL~1\AppData\Local\Temp\ccPkArEZ.ltrans0.ltrans.o
Vector184                                         C:\Users\PETERL~1\AppData\Local\Temp\ccPkArEZ.ltrans1.ltrans.o
                                                  build/obj/vectors.o (symbol from plugin)
                                                  C:\Users\PETERL~1\AppData\Local\Temp\ccPkArEZ.ltrans0.ltrans.o
Vector188                                         C:\Users\PETERL~1\AppData\Local\Temp\ccPkArEZ.ltrans1.ltrans.o
                                                  build/obj/vectors.o (symbol from plugin)
                                                  C:\Users\PETERL~1\AppData\Local\Temp\ccPkArEZ.ltrans0.ltrans.o
Vector18C                                         C:\Users\PETERL~1\AppData\Local\Temp\ccPkArEZ.ltrans1.ltrans.o
                                                  build/obj/vectors.o (symbol from plugin)
                                                  C:\Users\PETERL~1\AppData\Local\Temp\ccPkArEZ.ltrans0.ltrans.o
Vector190                                         C:\Users\PETERL~1\AppData\Local\Temp\ccPkArEZ.ltrans1.ltrans.o
                                                  build/obj/vectors.o (symbol from plugin)
                                                  C:\Users\PETERL~1\AppData\Local\Temp\ccPkArEZ.ltrans0.ltrans.o
Vector194                                         C:\Users\PETERL~1\AppData\Local\Temp\ccPkArEZ.ltrans1.ltrans.o
                                                  build/obj/vectors.o (symbol from plugin)
                                                  C:\Users\PETERL~1\AppData\Local\Temp\ccPkArEZ.ltrans0.ltrans.o
Vector198                                         C:\Users\PETERL~1\AppData\Local\Temp\ccPkArEZ.ltrans1.ltrans.o
                                                  build/obj/vectors.o (symbol from plugin)
                                                  C:\Users\PETERL~1\AppData\Local\Temp\ccPkArEZ.ltrans0.ltrans.o
Vector19C                                         C:\Users\PETERL~1\AppData\Local\Temp\ccPkArEZ.ltrans1.ltrans.o
                                                  build/obj/vectors.o (symbol from plugin)
                                                  C:\Users\PETERL~1\AppData\Local\Temp\ccPkArEZ.ltrans0.ltrans.o
Vector1A0                                         C:\Users\PETERL~1\AppData\Local\Temp\ccPkArEZ.ltrans1.ltrans.o
                                                  build/obj/vectors.o (symbol from plugin)
                                                  C:\Users\PETERL~1\AppData\Local\Temp\ccPkArEZ.ltrans0.ltrans.o
Vector1A4                                         C:\Users\PETERL~1\AppData\Local\Temp\ccPkArEZ.ltrans1.ltrans.o
                                                  build/obj/vectors.o (symbol from plugin)
                                                  C:\Users\PETERL~1\AppData\Local\Temp\ccPkArEZ.ltrans0.ltrans.o
Vector1A8                                         C:\Users\PETERL~1\AppData\Local\Temp\ccPkArEZ.ltrans1.ltrans.o
                                                  build/obj/vectors.o (symbol from plugin)
                                                  C:\Users\PETERL~1\AppData\Local\Temp\ccPkArEZ.ltrans0.ltrans.o
Vector1AC                                         C:\Users\PETERL~1\AppData\Local\Temp\ccPkArEZ.ltrans1.ltrans.o
                                                  build/obj/vectors.o (symbol from plugin)
                                                  C:\Users\PETERL~1\AppData\Local\Temp\ccPkArEZ.ltrans0.ltrans.o
Vector1B0                                         C:\Users\PETERL~1\AppData\Local\Temp\ccPkArEZ.ltrans1.ltrans.o
                                                  build/obj/vectors.o (symbol from plugin)
                                                  C:\Users\PETERL~1\AppData\Local\Temp\ccPkArEZ.ltrans0.ltrans.o
Vector1B4                                         C:\Users\PETERL~1\AppData\Local\Temp\ccPkArEZ.ltrans1.ltrans.o
                                                  build/obj/vectors.o (symbol from plugin)
                                                  C:\Users\PETERL~1\AppData\Local\Temp\ccPkArEZ.ltrans0.ltrans.o
Vector1B8                                         C:\Users\PETERL~1\AppData\Local\Temp\ccPkArEZ.ltrans1.ltrans.o
                                                  build/obj/vectors.o (symbol from plugin)
                                                  C:\Users\PETERL~1\AppData\Local\Temp\ccPkArEZ.ltrans0.ltrans.o
Vector1BC                                         C:\Users\PETERL~1\AppData\Local\Temp\ccPkArEZ.ltrans1.ltrans.o
                                                  build/obj/vectors.o (symbol from plugin)
                                                  C:\Users\PETERL~1\AppData\Local\Temp\ccPkArEZ.ltrans0.ltrans.o
Vector1C                                          C:\Users\PETERL~1\AppData\Local\Temp\ccPkArEZ.ltrans1.ltrans.o
                                                  build/obj/vectors.o (symbol from plugin)
                                                  C:\Users\PETERL~1\AppData\Local\Temp\ccPkArEZ.ltrans0.ltrans.o
Vector20                                          C:\Users\PETERL~1\AppData\Local\Temp\ccPkArEZ.ltrans1.ltrans.o
                                                  build/obj/vectors.o (symbol from plugin)
                                                  C:\Users\PETERL~1\AppData\Local\Temp\ccPkArEZ.ltrans0.ltrans.o
Vector24                                          C:\Users\PETERL~1\AppData\Local\Temp\ccPkArEZ.ltrans1.ltrans.o
                                                  build/obj/vectors.o (symbol from plugin)
                                                  C:\Users\PETERL~1\AppData\Local\Temp\ccPkArEZ.ltrans0.ltrans.o
Vector28                                          C:\Users\PETERL~1\AppData\Local\Temp\ccPkArEZ.ltrans1.ltrans.o
                                                  build/obj/vectors.o (symbol from plugin)
                                                  C:\Users\PETERL~1\AppData\Local\Temp\ccPkArEZ.ltrans0.ltrans.o
Vector34                                          C:\Users\PETERL~1\AppData\Local\Temp\ccPkArEZ.ltrans1.ltrans.o
                                                  build/obj/vectors.o (symbol from plugin)
                                                  C:\Users\PETERL~1\AppData\Local\Temp\ccPkArEZ.ltrans0.ltrans.o
Vector40                                          C:\Users\PETERL~1\AppData\Local\Temp\ccPkArEZ.ltrans1.ltrans.o
                                                  build/obj/vectors.o (symbol from plugin)
                                                  C:\Users\PETERL~1\AppData\Local\Temp\ccPkArEZ.ltrans0.ltrans.o
Vector44                                          C:\Users\PETERL~1\AppData\Local\Temp\ccPkArEZ.ltrans1.ltrans.o
                                                  build/obj/vectors.o (symbol from plugin)
                                                  C:\Users\PETERL~1\AppData\Local\Temp\ccPkArEZ.ltrans0.ltrans.o
Vector48                                          C:\Users\PETERL~1\AppData\Local\Temp\ccPkArEZ.ltrans1.ltrans.o
                                                  build/obj/vectors.o (symbol from plugin)
                                                  C:\Users\PETERL~1\AppData\Local\Temp\ccPkArEZ.ltrans0.ltrans.o
Vector4C                                          C:\Users\PETERL~1\AppData\Local\Temp\ccPkArEZ.ltrans1.ltrans.o
                                                  build/obj/vectors.o (symbol from plugin)
                                                  C:\Users\PETERL~1\AppData\Local\Temp\ccPkArEZ.ltrans0.ltrans.o
Vector50                                          C:\Users\PETERL~1\AppData\Local\Temp\ccPkArEZ.ltrans1.ltrans.o
                                                  build/obj/vectors.o (symbol from plugin)
                                                  C:\Users\PETERL~1\AppData\Local\Temp\ccPkArEZ.ltrans0.ltrans.o
Vector54                                          C:\Users\PETERL~1\AppData\Local\Temp\ccPkArEZ.ltrans1.ltrans.o
                                                  build/obj/vectors.o (symbol from plugin)
                                                  C:\Users\PETERL~1\AppData\Local\Temp\ccPkArEZ.ltrans0.ltrans.o
Vector58                                          C:\Users\PETERL~1\AppData\Local\Temp\ccPkArEZ.ltrans1.ltrans.o
                                                  build/obj/vectors.o (symbol from plugin)
                                                  C:\Users\PETERL~1\AppData\Local\Temp\ccPkArEZ.ltrans0.ltrans.o
Vector5C                                          C:\Users\PETERL~1\AppData\Local\Temp\ccPkArEZ.ltrans1.ltrans.o
                                                  build/obj/vectors.o (symbol from plugin)
                                                  C:\Users\PETERL~1\AppData\Local\Temp\ccPkArEZ.ltrans0.ltrans.o
Vector60                                          C:\Users\PETERL~1\AppData\Local\Temp\ccPkArEZ.ltrans1.ltrans.o
                                                  build/obj/vectors.o (symbol from plugin)
                                                  C:\Users\PETERL~1\AppData\Local\Temp\ccPkArEZ.ltrans0.ltrans.o
Vector64                                          C:\Users\PETERL~1\AppData\Local\Temp\ccPkArEZ.ltrans1.ltrans.o
                                                  build/obj/vectors.o (symbol from plugin)
                                                  C:\Users\PETERL~1\AppData\Local\Temp\ccPkArEZ.ltrans0.ltrans.o
Vector68                                          C:\Users\PETERL~1\AppData\Local\Temp\ccPkArEZ.ltrans1.ltrans.o
                                                  build/obj/vectors.o (symbol from plugin)
                                                  C:\Users\PETERL~1\AppData\Local\Temp\ccPkArEZ.ltrans0.ltrans.o
Vector6C                                          C:\Users\PETERL~1\AppData\Local\Temp\ccPkArEZ.ltrans1.ltrans.o
                                                  build/obj/stm32_dma.o (symbol from plugin)
                                                  build/obj/vectors.o (symbol from plugin)
                                                  C:\Users\PETERL~1\AppData\Local\Temp\ccPkArEZ.ltrans0.ltrans.o
Vector70                                          C:\Users\PETERL~1\AppData\Local\Temp\ccPkArEZ.ltrans1.ltrans.o
                                                  build/obj/stm32_dma.o (symbol from plugin)
                                                  build/obj/vectors.o (symbol from plugin)
                                                  C:\Users\PETERL~1\AppData\Local\Temp\ccPkArEZ.ltrans0.ltrans.o
Vector74                                          C:\Users\PETERL~1\AppData\Local\Temp\ccPkArEZ.ltrans1.ltrans.o
                                                  build/obj/stm32_dma.o (symbol from plugin)
                                                  build/obj/vectors.o (symbol from plugin)
                                                  C:\Users\PETERL~1\AppData\Local\Temp\ccPkArEZ.ltrans0.ltrans.o
Vector78                                          C:\Users\PETERL~1\AppData\Local\Temp\ccPkArEZ.ltrans1.ltrans.o
                                                  build/obj/stm32_dma.o (symbol from plugin)
                                                  build/obj/vectors.o (symbol from plugin)
                                                  C:\Users\PETERL~1\AppData\Local\Temp\ccPkArEZ.ltrans0.ltrans.o
Vector7C                                          C:\Users\PETERL~1\AppData\Local\Temp\ccPkArEZ.ltrans1.ltrans.o
                                                  build/obj/stm32_dma.o (symbol from plugin)
                                                  build/obj/vectors.o (symbol from plugin)
                                                  C:\Users\PETERL~1\AppData\Local\Temp\ccPkArEZ.ltrans0.ltrans.o
Vector80                                          C:\Users\PETERL~1\AppData\Local\Temp\ccPkArEZ.ltrans1.ltrans.o
                                                  build/obj/stm32_dma.o (symbol from plugin)
                                                  build/obj/vectors.o (symbol from plugin)
                                                  C:\Users\PETERL~1\AppData\Local\Temp\ccPkArEZ.ltrans0.ltrans.o
Vector84                                          C:\Users\PETERL~1\AppData\Local\Temp\ccPkArEZ.ltrans1.ltrans.o
                                                  build/obj/stm32_dma.o (symbol from plugin)
                                                  build/obj/vectors.o (symbol from plugin)
                                                  C:\Users\PETERL~1\AppData\Local\Temp\ccPkArEZ.ltrans0.ltrans.o
Vector88                                          C:\Users\PETERL~1\AppData\Local\Temp\ccPkArEZ.ltrans1.ltrans.o
                                                  build/obj/vectors.o (symbol from plugin)
                                                  C:\Users\PETERL~1\AppData\Local\Temp\ccPkArEZ.ltrans0.ltrans.o
Vector8C                                          C:\Users\PETERL~1\AppData\Local\Temp\ccPkArEZ.ltrans1.ltrans.o
                                                  build/obj/vectors.o (symbol from plugin)
                                                  C:\Users\PETERL~1\AppData\Local\Temp\ccPkArEZ.ltrans0.ltrans.o
Vector90                                          C:\Users\PETERL~1\AppData\Local\Temp\ccPkArEZ.ltrans1.ltrans.o
                                                  build/obj/vectors.o (symbol from plugin)
                                                  C:\Users\PETERL~1\AppData\Local\Temp\ccPkArEZ.ltrans0.ltrans.o
Vector94                                          C:\Users\PETERL~1\AppData\Local\Temp\ccPkArEZ.ltrans1.ltrans.o
                                                  build/obj/vectors.o (symbol from plugin)
                                                  C:\Users\PETERL~1\AppData\Local\Temp\ccPkArEZ.ltrans0.ltrans.o
Vector98                                          C:\Users\PETERL~1\AppData\Local\Temp\ccPkArEZ.ltrans1.ltrans.o
                                                  build/obj/vectors.o (symbol from plugin)
                                                  C:\Users\PETERL~1\AppData\Local\Temp\ccPkArEZ.ltrans0.ltrans.o
Vector9C                                          C:\Users\PETERL~1\AppData\Local\Temp\ccPkArEZ.ltrans1.ltrans.o
                                                  build/obj/vectors.o (symbol from plugin)
                                                  C:\Users\PETERL~1\AppData\Local\Temp\ccPkArEZ.ltrans0.ltrans.o
VectorA0                                          C:\Users\PETERL~1\AppData\Local\Temp\ccPkArEZ.ltrans1.ltrans.o
                                                  build/obj/vectors.o (symbol from plugin)
                                                  C:\Users\PETERL~1\AppData\Local\Temp\ccPkArEZ.ltrans0.ltrans.o
VectorA4                                          C:\Users\PETERL~1\AppData\Local\Temp\ccPkArEZ.ltrans1.ltrans.o
                                                  build/obj/vectors.o (symbol from plugin)
                                                  C:\Users\PETERL~1\AppData\Local\Temp\ccPkArEZ.ltrans0.ltrans.o
VectorA8                                          C:\Users\PETERL~1\AppData\Local\Temp\ccPkArEZ.ltrans1.ltrans.o
                                                  build/obj/vectors.o (symbol from plugin)
                                                  C:\Users\PETERL~1\AppData\Local\Temp\ccPkArEZ.ltrans0.ltrans.o
VectorAC                                          C:\Users\PETERL~1\AppData\Local\Temp\ccPkArEZ.ltrans1.ltrans.o
                                                  build/obj/vectors.o (symbol from plugin)
                                                  C:\Users\PETERL~1\AppData\Local\Temp\ccPkArEZ.ltrans0.ltrans.o
VectorB0                                          build/obj/st_lld.o (symbol from plugin)
                                                  build/obj/vectors.o (symbol from plugin)
VectorB4                                          C:\Users\PETERL~1\AppData\Local\Temp\ccPkArEZ.ltrans1.ltrans.o
                                                  build/obj/vectors.o (symbol from plugin)
                                                  C:\Users\PETERL~1\AppData\Local\Temp\ccPkArEZ.ltrans0.ltrans.o
VectorB8                                          C:\Users\PETERL~1\AppData\Local\Temp\ccPkArEZ.ltrans1.ltrans.o
                                                  build/obj/vectors.o (symbol from plugin)
                                                  C:\Users\PETERL~1\AppData\Local\Temp\ccPkArEZ.ltrans0.ltrans.o
VectorBC                                          C:\Users\PETERL~1\AppData\Local\Temp\ccPkArEZ.ltrans1.ltrans.o
                                                  build/obj/vectors.o (symbol from plugin)
                                                  C:\Users\PETERL~1\AppData\Local\Temp\ccPkArEZ.ltrans0.ltrans.o
VectorC0                                          C:\Users\PETERL~1\AppData\Local\Temp\ccPkArEZ.ltrans1.ltrans.o
                                                  build/obj/vectors.o (symbol from plugin)
                                                  C:\Users\PETERL~1\AppData\Local\Temp\ccPkArEZ.ltrans0.ltrans.o
VectorC4                                          C:\Users\PETERL~1\AppData\Local\Temp\ccPkArEZ.ltrans1.ltrans.o
                                                  build/obj/vectors.o (symbol from plugin)
                                                  C:\Users\PETERL~1\AppData\Local\Temp\ccPkArEZ.ltrans0.ltrans.o
VectorC8                                          C:\Users\PETERL~1\AppData\Local\Temp\ccPkArEZ.ltrans1.ltrans.o
                                                  build/obj/vectors.o (symbol from plugin)
                                                  C:\Users\PETERL~1\AppData\Local\Temp\ccPkArEZ.ltrans0.ltrans.o
VectorCC                                          C:\Users\PETERL~1\AppData\Local\Temp\ccPkArEZ.ltrans1.ltrans.o
                                                  build/obj/vectors.o (symbol from plugin)
                                                  C:\Users\PETERL~1\AppData\Local\Temp\ccPkArEZ.ltrans0.ltrans.o
VectorD0                                          C:\Users\PETERL~1\AppData\Local\Temp\ccPkArEZ.ltrans1.ltrans.o
                                                  build/obj/vectors.o (symbol from plugin)
                                                  C:\Users\PETERL~1\AppData\Local\Temp\ccPkArEZ.ltrans0.ltrans.o
VectorD4                                          C:\Users\PETERL~1\AppData\Local\Temp\ccPkArEZ.ltrans1.ltrans.o
                                                  build/obj/vectors.o (symbol from plugin)
                                                  C:\Users\PETERL~1\AppData\Local\Temp\ccPkArEZ.ltrans0.ltrans.o
VectorD8                                          C:\Users\PETERL~1\AppData\Local\Temp\ccPkArEZ.ltrans1.ltrans.o
                                                  build/obj/vectors.o (symbol from plugin)
                                                  C:\Users\PETERL~1\AppData\Local\Temp\ccPkArEZ.ltrans0.ltrans.o
VectorDC                                          C:\Users\PETERL~1\AppData\Local\Temp\ccPkArEZ.ltrans1.ltrans.o
                                                  build/obj/vectors.o (symbol from plugin)
                                                  C:\Users\PETERL~1\AppData\Local\Temp\ccPkArEZ.ltrans0.ltrans.o
VectorE0                                          C:\Users\PETERL~1\AppData\Local\Temp\ccPkArEZ.ltrans1.ltrans.o
                                                  build/obj/vectors.o (symbol from plugin)
                                                  C:\Users\PETERL~1\AppData\Local\Temp\ccPkArEZ.ltrans0.ltrans.o
VectorE4                                          C:\Users\PETERL~1\AppData\Local\Temp\ccPkArEZ.ltrans1.ltrans.o
                                                  build/obj/vectors.o (symbol from plugin)
                                                  C:\Users\PETERL~1\AppData\Local\Temp\ccPkArEZ.ltrans0.ltrans.o
VectorE8                                          C:\Users\PETERL~1\AppData\Local\Temp\ccPkArEZ.ltrans1.ltrans.o
                                                  build/obj/vectors.o (symbol from plugin)
                                                  C:\Users\PETERL~1\AppData\Local\Temp\ccPkArEZ.ltrans0.ltrans.o
VectorEC                                          C:\Users\PETERL~1\AppData\Local\Temp\ccPkArEZ.ltrans1.ltrans.o
                                                  build/obj/vectors.o (symbol from plugin)
                                                  C:\Users\PETERL~1\AppData\Local\Temp\ccPkArEZ.ltrans0.ltrans.o
VectorF0                                          C:\Users\PETERL~1\AppData\Local\Temp\ccPkArEZ.ltrans1.ltrans.o
                                                  build/obj/vectors.o (symbol from plugin)
                                                  C:\Users\PETERL~1\AppData\Local\Temp\ccPkArEZ.ltrans0.ltrans.o
VectorF4                                          C:\Users\PETERL~1\AppData\Local\Temp\ccPkArEZ.ltrans1.ltrans.o
                                                  build/obj/vectors.o (symbol from plugin)
[...]
chSemWaitTimeout                                  build/obj/chsem.o (symbol from plugin)
chSemWaitTimeoutS                                 build/obj/chsem.o (symbol from plugin)
                                                  build/obj/chmboxes.o (symbol from plugin)
chSysGetStatusAndLockX                            build/obj/chsys.o (symbol from plugin)
chSysHalt                                         build/obj/chsys.o (symbol from plugin)
                                                  build/obj/spi_lld.o (symbol from plugin)
                                                  build/obj/stm32_dma.o (symbol from plugin)
                                                  build/obj/nvic.o (symbol from plugin)
                                                  build/obj/spi.o (symbol from plugin)
                                                  build/obj/pal.o (symbol from plugin)
                                                  build/obj/st.o (symbol from plugin)
                                                  build/obj/chmempools.o (symbol from plugin)
                                                  build/obj/chheap.o (symbol from plugin)
                                                  build/obj/chmemcore.o (symbol from plugin)
                                                  build/obj/chqueues.o (symbol from plugin)
                                                  build/obj/chmboxes.o (symbol from plugin)
                                                  build/obj/chmsg.o (symbol from plugin)
                                                  build/obj/chevents.o (symbol from plugin)
                                                  build/obj/chcond.o (symbol from plugin)
                                                  build/obj/chmtx.o (symbol from plugin)
                                                  build/obj/chsem.o (symbol from plugin)
                                                  build/obj/chregistry.o (symbol from plugin)
                                                  build/obj/chdynamic.o (symbol from plugin)
                                                  build/obj/chthreads.o (symbol from plugin)
                                                  build/obj/chschd.o (symbol from plugin)
                                                  build/obj/chvt.o (symbol from plugin)
                                                  build/obj/chdebug.o (symbol from plugin)
chSysInit                                         build/obj/chsys.o (symbol from plugin)
                                                  build/obj/main.o (symbol from plugin)
chSysIntegrityCheckI                              build/obj/chsys.o (symbol from plugin)
chSysIsCounterWithinX                             build/obj/chsys.o (symbol from plugin)
chSysPolledDelayX                                 build/obj/chsys.o (symbol from plugin)
chSysRestoreStatusX                               build/obj/chsys.o (symbol from plugin)
chSysTimerHandlerI                                build/obj/chsys.o (symbol from plugin)
                                                  build/obj/st_lld.o (symbol from plugin)
chSysUnlock.lto_priv.32                           C:\Users\PETERL~1\AppData\Local\Temp\ccPkArEZ.ltrans1.ltrans.o
                                                  C:\Users\PETERL~1\AppData\Local\Temp\ccPkArEZ.ltrans2.ltrans.o
                                                  C:\Users\PETERL~1\AppData\Local\Temp\ccPkArEZ.ltrans0.ltrans.o
chSysUnlock.lto_priv.33                           C:\Users\PETERL~1\AppData\Local\Temp\ccPkArEZ.ltrans1.ltrans.o
                                                  C:\Users\PETERL~1\AppData\Local\Temp\ccPkArEZ.ltrans2.ltrans.o
chTMChainMeasurementToX                           C:\Users\PETERL~1\AppData\Local\Temp\ccPkArEZ.ltrans1.ltrans.o
                                                  build/obj/chtm.o (symbol from plugin)
                                                  C:\Users\PETERL~1\AppData\Local\Temp\ccPkArEZ.ltrans0.ltrans.o
                                                  build/obj/chstats.o (symbol from plugin)
chTMObjectInit                                    build/obj/chtm.o (symbol from plugin)
                                                  build/obj/chstats.o (symbol from plugin)
                                                  build/obj/chthreads.o (symbol from plugin)
chTMStartMeasurementX                             C:\Users\PETERL~1\AppData\Local\Temp\ccPkArEZ.ltrans1.ltrans.o
                                                  build/obj/chtm.o (symbol from plugin)
                                                  C:\Users\PETERL~1\AppData\Local\Temp\ccPkArEZ.ltrans0.ltrans.o
                                                  build/obj/chstats.o (symbol from plugin)
                                                  build/obj/chthreads.o (symbol from plugin)
chTMStopMeasurementX                              C:\Users\PETERL~1\AppData\Local\Temp\ccPkArEZ.ltrans1.ltrans.o
                                                  build/obj/chtm.o (symbol from plugin)
                                                  C:\Users\PETERL~1\AppData\Local\Temp\ccPkArEZ.ltrans0.ltrans.o
                                                  build/obj/chstats.o (symbol from plugin)
chThdAddRef                                       build/obj/chdynamic.o (symbol from plugin)
chThdCreateFromHeap                               build/obj/chdynamic.o (symbol from plugin)
chThdCreateFromMemoryPool                         build/obj/chdynamic.o (symbol from plugin)
chThdCreateI                                      build/obj/chthreads.o (symbol from plugin)
                                                  build/obj/chdynamic.o (symbol from plugin)
chThdCreateStatic                                 build/obj/chthreads.o (symbol from plugin)
                                                  build/obj/chsys.o (symbol from plugin)
chThdDequeueAllI                                  build/obj/chthreads.o (symbol from plugin)
                                                  build/obj/chqueues.o (symbol from plugin)
chThdDequeueNextI                                 build/obj/chthreads.o (symbol from plugin)
                                                  build/obj/chqueues.o (symbol from plugin)
chThdEnqueueTimeoutS                              build/obj/chthreads.o (symbol from plugin)
                                                  build/obj/chqueues.o (symbol from plugin)
chThdExit                                         C:\Users\PETERL~1\AppData\Local\Temp\ccPkArEZ.ltrans1.ltrans.o
                                                  build/obj/chthreads.o (symbol from plugin)
                                                  build/obj/chcoreasm_v7m.o
chThdExitS                                        build/obj/chthreads.o (symbol from plugin)
chThdRelease                                      build/obj/chdynamic.o (symbol from plugin)
                                                  build/obj/chregistry.o (symbol from plugin)
                                                  build/obj/chthreads.o (symbol from plugin)
chThdResume                                       build/obj/chthreads.o (symbol from plugin)
chThdResumeI                                      build/obj/chthreads.o (symbol from plugin)
                                                  build/obj/spi_lld.o (symbol from plugin)
chThdResumeS                                      build/obj/chthreads.o (symbol from plugin)
chThdSetPriority                                  build/obj/chthreads.o (symbol from plugin)
chThdSleep                                        build/obj/chthreads.o (symbol from plugin)
                                                  build/obj/main.o (symbol from plugin)
chThdSleepUntil                                   build/obj/chthreads.o (symbol from plugin)
chThdSleepUntilWindowed                           build/obj/chthreads.o (symbol from plugin)
chThdStart                                        build/obj/chthreads.o (symbol from plugin)
chThdSuspendS                                     build/obj/chthreads.o (symbol from plugin)
                                                  build/obj/spi.o (symbol from plugin)
chThdSuspendTimeoutS                              build/obj/chthreads.o (symbol from plugin)
chThdTerminate                                    build/obj/chthreads.o (symbol from plugin)
chThdWait                                         build/obj/chthreads.o (symbol from plugin)
chThdYield                                        build/obj/chthreads.o (symbol from plugin)
chVTDoResetI                                      build/obj/chvt.o (symbol from plugin)
                                                  build/obj/chschd.o (symbol from plugin)
chVTDoSetI                                        build/obj/chvt.o (symbol from plugin)
                                                  build/obj/chschd.o (symbol from plugin)
ch_debug                                          build/obj/chregistry.o (symbol from plugin)
                                                  build/obj/chsys.o (symbol from plugin)
dmaInit                                           build/obj/stm32_dma.o (symbol from plugin)
                                                  build/obj/hal_lld.o (symbol from plugin)
dmaStreamAllocate                                 build/obj/stm32_dma.o (symbol from plugin)
                                                  build/obj/spi_lld.o (symbol from plugin)
dmaStreamRelease                                  C:\Users\PETERL~1\AppData\Local\Temp\ccPkArEZ.ltrans0.ltrans.o
                                                  build/obj/stm32_dma.o (symbol from plugin)
                                                  C:\Users\PETERL~1\AppData\Local\Temp\ccPkArEZ.ltrans2.ltrans.o
                                                  build/obj/spi_lld.o (symbol from plugin)
dma_isr_redir.lto_priv.39                         C:\Users\PETERL~1\AppData\Local\Temp\ccPkArEZ.ltrans2.ltrans.o
                                                  C:\Users\PETERL~1\AppData\Local\Temp\ccPkArEZ.ltrans1.ltrans.o
                                                  C:\Users\PETERL~1\AppData\Local\Temp\ccPkArEZ.ltrans0.ltrans.o
dma_streams_mask.lto_priv.38                      C:\Users\PETERL~1\AppData\Local\Temp\ccPkArEZ.ltrans2.ltrans.o
                                                  C:\Users\PETERL~1\AppData\Local\Temp\ccPkArEZ.ltrans0.ltrans.o
endmem.lto_priv.42                                C:\Users\PETERL~1\AppData\Local\Temp\ccPkArEZ.ltrans0.ltrans.o
                                                  C:\Users\PETERL~1\AppData\Local\Temp\ccPkArEZ.ltrans1.ltrans.o
halInit                                           build/obj/hal.o (symbol from plugin)
                                                  build/obj/main.o (symbol from plugin)
hal_lld_init                                      build/obj/hal_lld.o (symbol from plugin)
                                                  build/obj/hal.o (symbol from plugin)
hs_spicfg.lto_priv.36                             C:\Users\PETERL~1\AppData\Local\Temp\ccPkArEZ.ltrans2.ltrans.o
main                                              C:\Users\PETERL~1\AppData\Local\Temp\ccPkArEZ.ltrans0.ltrans.o
                                                  build/obj/main.o (symbol from plugin)
                                                  build/obj/crt0_v7m.o
nextmem.lto_priv.43                               C:\Users\PETERL~1\AppData\Local\Temp\ccPkArEZ.ltrans0.ltrans.o
                                                  C:\Users\PETERL~1\AppData\Local\Temp\ccPkArEZ.ltrans1.ltrans.o
nvicClearPending                                  build/obj/nvic.o (symbol from plugin)
nvicDisableVector                                 build/obj/nvic.o (symbol from plugin)
                                                  build/obj/stm32_dma.o (symbol from plugin)
nvicEnableVector                                  build/obj/nvic.o (symbol from plugin)
                                                  build/obj/st_lld.o (symbol from plugin)
                                                  build/obj/stm32_dma.o (symbol from plugin)
nvicSetSystemHandlerPriority                      build/obj/nvic.o (symbol from plugin)
palReadBus                                        build/obj/pal.o (symbol from plugin)
palSetBusMode                                     build/obj/pal.o (symbol from plugin)
palWriteBus                                       build/obj/pal.o (symbol from plugin)
pal_default_config                                build/obj/board.o (symbol from plugin)
                                                  build/obj/hal.o (symbol from plugin)
spiAcquireBus                                     build/obj/spi.o (symbol from plugin)
                                                  build/obj/init_functions.o (symbol from plugin)
spiExchange                                       build/obj/spi.o (symbol from plugin)
spiIgnore                                         build/obj/spi.o (symbol from plugin)
spiInit                                           build/obj/spi.o (symbol from plugin)
                                                  build/obj/hal.o (symbol from plugin)
spiObjectInit                                     build/obj/spi.o (symbol from plugin)
                                                  build/obj/spi_lld.o (symbol from plugin)
spiReceive                                        build/obj/spi.o (symbol from plugin)
spiReleaseBus                                     build/obj/spi.o (symbol from plugin)
                                                  build/obj/init_functions.o (symbol from plugin)
spiSelect                                         build/obj/spi.o (symbol from plugin)
                                                  build/obj/init_functions.o (symbol from plugin)
spiSelect.constprop.6                             C:\Users\PETERL~1\AppData\Local\Temp\ccPkArEZ.ltrans2.ltrans.o
                                                  C:\Users\PETERL~1\AppData\Local\Temp\ccPkArEZ.ltrans0.ltrans.o
spiSend                                           build/obj/spi.o (symbol from plugin)
                                                  build/obj/init_functions.o (symbol from plugin)
spiStart                                          build/obj/spi.o (symbol from plugin)
                                                  build/obj/init_functions.o (symbol from plugin)
spiStart.constprop.10                             C:\Users\PETERL~1\AppData\Local\Temp\ccPkArEZ.ltrans2.ltrans.o
                                                  C:\Users\PETERL~1\AppData\Local\Temp\ccPkArEZ.ltrans0.ltrans.o
spiStartExchange                                  build/obj/spi.o (symbol from plugin)
spiStartIgnore                                    build/obj/spi.o (symbol from plugin)
spiStartReceive                                   build/obj/spi.o (symbol from plugin)
spiStartSend                                      build/obj/spi.o (symbol from plugin)
spiStop                                           build/obj/spi.o (symbol from plugin)
                                                  build/obj/init_functions.o (symbol from plugin)
spiStop.constprop.8                               C:\Users\PETERL~1\AppData\Local\Temp\ccPkArEZ.ltrans2.ltrans.o
                                                  C:\Users\PETERL~1\AppData\Local\Temp\ccPkArEZ.ltrans0.ltrans.o
spiUnselect                                       build/obj/spi.o (symbol from plugin)
                                                  build/obj/init_functions.o (symbol from plugin)
spiUnselect.constprop.4                           C:\Users\PETERL~1\AppData\Local\Temp\ccPkArEZ.ltrans2.ltrans.o
                                                  C:\Users\PETERL~1\AppData\Local\Temp\ccPkArEZ.ltrans0.ltrans.o
spi_lld_exchange                                  build/obj/spi_lld.o (symbol from plugin)
                                                  build/obj/spi.o (symbol from plugin)
spi_lld_ignore                                    build/obj/spi_lld.o (symbol from plugin)
                                                  build/obj/spi.o (symbol from plugin)
spi_lld_init                                      build/obj/spi_lld.o (symbol from plugin)
                                                  build/obj/spi.o (symbol from plugin)
spi_lld_polled_exchange                           build/obj/spi_lld.o (symbol from plugin)
spi_lld_receive                                   build/obj/spi_lld.o (symbol from plugin)
                                                  build/obj/spi.o (symbol from plugin)
spi_lld_select                                    build/obj/spi_lld.o (symbol from plugin)
                                                  build/obj/spi.o (symbol from plugin)
spi_lld_send                                      build/obj/spi_lld.o (symbol from plugin)
                                                  build/obj/spi.o (symbol from plugin)
spi_lld_serve_rx_interrupt.lto_priv.30            C:\Users\PETERL~1\AppData\Local\Temp\ccPkArEZ.ltrans0.ltrans.o
                                                  C:\Users\PETERL~1\AppData\Local\Temp\ccPkArEZ.ltrans2.ltrans.o
spi_lld_serve_tx_interrupt.lto_priv.31            C:\Users\PETERL~1\AppData\Local\Temp\ccPkArEZ.ltrans0.ltrans.o
                                                  C:\Users\PETERL~1\AppData\Local\Temp\ccPkArEZ.ltrans2.ltrans.o
spi_lld_start                                     build/obj/spi_lld.o (symbol from plugin)
                                                  build/obj/spi.o (symbol from plugin)
spi_lld_stop                                      build/obj/spi_lld.o (symbol from plugin)
                                                  build/obj/spi.o (symbol from plugin)
spi_lld_unselect                                  build/obj/spi_lld.o (symbol from plugin)
                                                  build/obj/spi.o (symbol from plugin)
stGetAlarm                                        build/obj/st.o (symbol from plugin)
stInit                                            build/obj/st.o (symbol from plugin)
                                                  build/obj/hal.o (symbol from plugin)
stSetAlarm                                        C:\Users\PETERL~1\AppData\Local\Temp\ccPkArEZ.ltrans1.ltrans.o
                                                  build/obj/st.o (symbol from plugin)
                                                  C:\Users\PETERL~1\AppData\Local\Temp\ccPkArEZ.ltrans2.ltrans.o
                                                  C:\Users\PETERL~1\AppData\Local\Temp\ccPkArEZ.ltrans0.ltrans.o
                                                  build/obj/chvt.o (symbol from plugin)
                                                  build/obj/chsys.o (symbol from plugin)
stStartAlarm                                      build/obj/st.o (symbol from plugin)
                                                  build/obj/chvt.o (symbol from plugin)
stStopAlarm                                       build/obj/st.o (symbol from plugin)
                                                  build/obj/chvt.o (symbol from plugin)
                                                  build/obj/chsys.o (symbol from plugin)
st_lld_init                                       build/obj/st_lld.o (symbol from plugin)
                                                  build/obj/st.o (symbol from plugin)
stm32_clock_init                                  build/obj/hal_lld.o (symbol from plugin)
                                                  build/obj/board.o (symbol from plugin)
wakeup.lto_priv.27                                C:\Users\PETERL~1\AppData\Local\Temp\ccPkArEZ.ltrans1.ltrans.o
                                                  C:\Users\PETERL~1\AppData\Local\Temp\ccPkArEZ.ltrans2.ltrans.o
