
Discarded input sections

 .data          0x00000000        0x0 build/obj/crt0_v7m.o
 .bss           0x00000000        0x0 build/obj/crt0_v7m.o
 .data          0x00000000        0x0 build/obj/chcoreasm_v7m.o
 .bss           0x00000000        0x0 build/obj/chcoreasm_v7m.o
 .text          0x00000000        0x0 build/obj/crt1.o (symbol from plugin)
 .text          0x00000000        0x0 C:\Users\PETERL~1\AppData\Local\Temp\ccMtsKur.ltrans0.ltrans.o
 .data          0x00000000        0x0 C:\Users\PETERL~1\AppData\Local\Temp\ccMtsKur.ltrans0.ltrans.o
 .bss           0x00000000        0x0 C:\Users\PETERL~1\AppData\Local\Temp\ccMtsKur.ltrans0.ltrans.o
 .text          0x00000000        0x0 build/obj/vectors.o (symbol from plugin)
 .text          0x00000000        0x0 build/obj/chsys.o (symbol from plugin)
 .text          0x00000000        0x0 build/obj/chdebug.o (symbol from plugin)
 .text          0x00000000        0x0 build/obj/chvt.o (symbol from plugin)
 .text          0x00000000        0x0 build/obj/chschd.o (symbol from plugin)
 .text          0x00000000        0x0 build/obj/chthreads.o (symbol from plugin)
 .text          0x00000000        0x0 build/obj/chtm.o (symbol from plugin)
 .text          0x00000000        0x0 build/obj/chstats.o (symbol from plugin)
 .text          0x00000000        0x0 build/obj/chdynamic.o (symbol from plugin)
 .text          0x00000000        0x0 build/obj/chregistry.o (symbol from plugin)
 .text          0x00000000        0x0 build/obj/chsem.o (symbol from plugin)
 .text          0x00000000        0x0 build/obj/chmtx.o (symbol from plugin)
 .text          0x00000000        0x0 build/obj/chcond.o (symbol from plugin)
 .text          0x00000000        0x0 build/obj/chevents.o (symbol from plugin)
 .text          0x00000000        0x0 build/obj/chmsg.o (symbol from plugin)
 .text          0x00000000        0x0 build/obj/chmboxes.o (symbol from plugin)
 .text          0x00000000        0x0 build/obj/chqueues.o (symbol from plugin)
 .text          0x00000000        0x0 build/obj/chmemcore.o (symbol from plugin)
 .text          0x00000000        0x0 build/obj/chheap.o (symbol from plugin)
 .text          0x00000000        0x0 build/obj/chmempools.o (symbol from plugin)
 .text          0x00000000        0x0 build/obj/chcore.o (symbol from plugin)
 .text          0x00000000        0x0 build/obj/chcore_v7m.o (symbol from plugin)
 .text          0x00000000        0x0 build/obj/osal.o (symbol from plugin)
 .text          0x00000000        0x0 build/obj/hal.o (symbol from plugin)
 .text          0x00000000        0x0 build/obj/st.o (symbol from plugin)
 .text          0x00000000        0x0 build/obj/hal_queues.o (symbol from plugin)
 .text          0x00000000        0x0 build/obj/hal_mmcsd.o (symbol from plugin)
 .text          0x00000000        0x0 build/obj/pal.o (symbol from plugin)
 .text          0x00000000        0x0 build/obj/nvic.o (symbol from plugin)
 .text          0x00000000        0x0 build/obj/stm32_dma.o (symbol from plugin)
 .text          0x00000000        0x0 build/obj/hal_lld.o (symbol from plugin)
 .text          0x00000000        0x0 build/obj/st_lld.o (symbol from plugin)
 .text          0x00000000        0x0 build/obj/pal_lld.o (symbol from plugin)
 .text          0x00000000        0x0 build/obj/board.o (symbol from plugin)
 .text          0x00000000        0x0 build/obj/main.o (symbol from plugin)

Memory Configuration

Name             Origin             Length             Attributes
flash            0x08000000         0x00100000
ram0             0x20000000         0x00020000
ram1             0x20000000         0x0001c000
ram2             0x2001c000         0x00004000
ram3             0x00000000         0x00000000
ram4             0x10000000         0x00010000
ram5             0x40024000         0x00001000
ram6             0x00000000         0x00000000
ram7             0x00000000         0x00000000
*default*        0x00000000         0xffffffff

Linker script and memory map

LOAD build/obj/crt0_v7m.o
LOAD build/obj/chcoreasm_v7m.o
LOAD build/obj/crt1.o
LOAD C:\Users\PETERL~1\AppData\Local\Temp\ccMtsKur.ltrans0.ltrans.o
LOAD c:/chibistudio/tools/gnu tools arm embedded/4.9 2015q3/bin/../lib/gcc/arm-none-eabi/4.9.3/armv7e-m\libgcc.a
LOAD c:/chibistudio/tools/gnu tools arm embedded/4.9 2015q3/bin/../lib/gcc/arm-none-eabi/4.9.3/../../../../arm-none-eabi/lib/armv7e-m\libg.a
LOAD c:/chibistudio/tools/gnu tools arm embedded/4.9 2015q3/bin/../lib/gcc/arm-none-eabi/4.9.3/../../../../arm-none-eabi/lib/armv7e-m\libc.a
LOAD build/obj/vectors.o
LOAD build/obj/chsys.o
LOAD build/obj/chdebug.o
LOAD build/obj/chvt.o
LOAD build/obj/chschd.o
LOAD build/obj/chthreads.o
LOAD build/obj/chtm.o
LOAD build/obj/chstats.o
LOAD build/obj/chdynamic.o
LOAD build/obj/chregistry.o
LOAD build/obj/chsem.o
LOAD build/obj/chmtx.o
LOAD build/obj/chcond.o
LOAD build/obj/chevents.o
LOAD build/obj/chmsg.o
LOAD build/obj/chmboxes.o
LOAD build/obj/chqueues.o
LOAD build/obj/chmemcore.o
LOAD build/obj/chheap.o
LOAD build/obj/chmempools.o
LOAD build/obj/chcore.o
LOAD build/obj/chcore_v7m.o
LOAD build/obj/osal.o
LOAD build/obj/hal.o
LOAD build/obj/st.o
LOAD build/obj/hal_queues.o
LOAD build/obj/hal_mmcsd.o
LOAD build/obj/pal.o
LOAD build/obj/nvic.o
LOAD build/obj/stm32_dma.o
LOAD build/obj/hal_lld.o
LOAD build/obj/st_lld.o
LOAD build/obj/pal_lld.o
LOAD build/obj/board.o
LOAD build/obj/main.o
                0x20000000                __ram0_start__ = ORIGIN (ram0)
                0x00020000                __ram0_size__ = 0x20000
                0x20020000                __ram0_end__ = (__ram0_start__ + __ram0_size__)
                0x20000000                __ram1_start__ = ORIGIN (ram1)
                0x0001c000                __ram1_size__ = 0x1c000
                0x2001c000                __ram1_end__ = (__ram1_start__ + __ram1_size__)
                0x2001c000                __ram2_start__ = ORIGIN (ram2)
                0x00004000                __ram2_size__ = 0x4000
                0x20020000                __ram2_end__ = (__ram2_start__ + __ram2_size__)
                0x00000000                __ram3_start__ = ORIGIN (ram3)
                0x00000000                __ram3_size__ = 0x0
                0x00000000                __ram3_end__ = (__ram3_start__ + __ram3_size__)
                0x10000000                __ram4_start__ = ORIGIN (ram4)
                0x00010000                __ram4_size__ = 0x10000
                0x10010000                __ram4_end__ = (__ram4_start__ + __ram4_size__)
                0x40024000                __ram5_start__ = ORIGIN (ram5)
                0x00001000                __ram5_size__ = 0x1000
                0x40025000                __ram5_end__ = (__ram5_start__ + __ram5_size__)
                0x00000000                __ram6_start__ = ORIGIN (ram6)
                0x00000000                __ram6_size__ = 0x0
                0x00000000                __ram6_end__ = (__ram6_start__ + __ram6_size__)
                0x00000000                __ram7_start__ = ORIGIN (ram7)
                0x00000000                __ram7_size__ = 0x0
                0x00000000                __ram7_end__ = (__ram7_start__ + __ram7_size__)
                0x00000000                . = 0x0
                0x00000000                _text = .

startup         0x08000000      0x1c0
 *(.vectors)
 .vectors       0x08000000      0x1c0 C:\Users\PETERL~1\AppData\Local\Temp\ccMtsKur.ltrans0.ltrans.o
                0x08000000                _vectors

constructors    0x080001c0        0x0
                0x080001c0                PROVIDE (__init_array_start, .)
 *(SORT(.init_array.*))
 *(.init_array)
                0x080001c0                PROVIDE (__init_array_end, .)

destructors     0x080001c0        0x0
                0x080001c0                PROVIDE (__fini_array_start, .)
 *(.fini_array)
 *(SORT(.fini_array.*))
                0x080001c0                PROVIDE (__fini_array_end, .)

.text           0x080001c0     0x10db
 *(.text)
 .text          0x080001c0       0xc0 build/obj/crt0_v7m.o
                0x080001c0                Reset_Handler
 .text          0x08000280       0x40 build/obj/chcoreasm_v7m.o
                0x08000280                _port_switch
                0x08000290                _port_thread_start
                0x080002a8                _port_switch_from_isr
                0x080002bc                _port_exit_from_isr
 *(.text.*)
 .text._idle_thread
                0x080002c0        0x4 C:\Users\PETERL~1\AppData\Local\Temp\ccMtsKur.ltrans0.ltrans.o
 *fill*         0x080002c4        0xc 
 .text.stSetAlarm
                0x080002d0       0x20 C:\Users\PETERL~1\AppData\Local\Temp\ccMtsKur.ltrans0.ltrans.o
 .text.SVC_Handler
                0x080002f0       0x14 C:\Users\PETERL~1\AppData\Local\Temp\ccMtsKur.ltrans0.ltrans.o
 *fill*         0x08000304        0xc 
 .text.chTMChainMeasurementToX
                0x08000310       0x40 C:\Users\PETERL~1\AppData\Local\Temp\ccMtsKur.ltrans0.ltrans.o
 .text.chTMStopMeasurementX
                0x08000350       0x48 C:\Users\PETERL~1\AppData\Local\Temp\ccMtsKur.ltrans0.ltrans.o
 *fill*         0x08000398        0x8 
 .text.chTMStartMeasurementX
                0x080003a0        0xc C:\Users\PETERL~1\AppData\Local\Temp\ccMtsKur.ltrans0.ltrans.o
 *fill*         0x080003ac        0x4 
 .text._dbg_trace
                0x080003b0       0x38 C:\Users\PETERL~1\AppData\Local\Temp\ccMtsKur.ltrans0.ltrans.o
 *fill*         0x080003e8        0x8 
 .text.chDbgCheckClassS
                0x080003f0       0x20 C:\Users\PETERL~1\AppData\Local\Temp\ccMtsKur.ltrans0.ltrans.o
 .text.chDbgCheckClassI
                0x08000410       0x20 C:\Users\PETERL~1\AppData\Local\Temp\ccMtsKur.ltrans0.ltrans.o
 .text.chSchReadyI
                0x08000430       0x50 C:\Users\PETERL~1\AppData\Local\Temp\ccMtsKur.ltrans0.ltrans.o
 .text._dbg_check_unlock_from_isr
                0x08000480       0x24 C:\Users\PETERL~1\AppData\Local\Temp\ccMtsKur.ltrans0.ltrans.o
 *fill*         0x080004a4        0xc 
 .text._dbg_check_lock_from_isr
                0x080004b0       0x24 C:\Users\PETERL~1\AppData\Local\Temp\ccMtsKur.ltrans0.ltrans.o
 *fill*         0x080004d4        0xc 
 .text.wakeup   0x080004e0       0x74 C:\Users\PETERL~1\AppData\Local\Temp\ccMtsKur.ltrans0.ltrans.o
 *fill*         0x08000554        0xc 
 .text.VectorB0
                0x08000560      0x184 C:\Users\PETERL~1\AppData\Local\Temp\ccMtsKur.ltrans0.ltrans.o
 *fill*         0x080006e4        0xc 
 .text._unhandled_exception
                0x080006f0        0x4 C:\Users\PETERL~1\AppData\Local\Temp\ccMtsKur.ltrans0.ltrans.o
 *fill*         0x080006f4        0xc 
 .text.chSchGoSleepS
                0x08000700       0x64 C:\Users\PETERL~1\AppData\Local\Temp\ccMtsKur.ltrans0.ltrans.o
 *fill*         0x08000764        0xc 
 .text.chSchGoSleepTimeoutS.constprop.4
                0x08000770      0x128 C:\Users\PETERL~1\AppData\Local\Temp\ccMtsKur.ltrans0.ltrans.o
 *fill*         0x08000898        0x8 
 .text.__early_init
                0x080008a0       0xc8 C:\Users\PETERL~1\AppData\Local\Temp\ccMtsKur.ltrans0.ltrans.o
                0x080008a0                __early_init
 *fill*         0x08000968        0x8 
 .text._stats_stop_measure_crit_thd
                0x08000970        0xc C:\Users\PETERL~1\AppData\Local\Temp\ccMtsKur.ltrans0.ltrans.o
                0x08000970                _stats_stop_measure_crit_thd
 *fill*         0x0800097c        0x4 
 .text._stats_start_measure_crit_thd
                0x08000980        0xc C:\Users\PETERL~1\AppData\Local\Temp\ccMtsKur.ltrans0.ltrans.o
                0x08000980                _stats_start_measure_crit_thd
 *fill*         0x0800098c        0x4 
 .text.chSchDoReschedule
                0x08000990       0x78 C:\Users\PETERL~1\AppData\Local\Temp\ccMtsKur.ltrans0.ltrans.o
                0x08000990                chSchDoReschedule
 *fill*         0x08000a08        0x8 
 .text._dbg_check_unlock
                0x08000a10       0x20 C:\Users\PETERL~1\AppData\Local\Temp\ccMtsKur.ltrans0.ltrans.o
                0x08000a10                _dbg_check_unlock
 .text._dbg_check_lock
                0x08000a30       0x20 C:\Users\PETERL~1\AppData\Local\Temp\ccMtsKur.ltrans0.ltrans.o
                0x08000a30                _dbg_check_lock
 .text.startup.main
                0x08000a50      0x65c C:\Users\PETERL~1\AppData\Local\Temp\ccMtsKur.ltrans0.ltrans.o
                0x08000a50                main
 *fill*         0x080010ac        0x4 
 .text.chCoreAlloc
                0x080010b0       0x70 C:\Users\PETERL~1\AppData\Local\Temp\ccMtsKur.ltrans0.ltrans.o
 .text.chThdExit
                0x08001120       0x58 C:\Users\PETERL~1\AppData\Local\Temp\ccMtsKur.ltrans0.ltrans.o
                0x08001120                chThdExit
 *fill*         0x08001178        0x8 
 .text.__default_exit
                0x08001180        0x4 C:\Users\PETERL~1\AppData\Local\Temp\ccMtsKur.ltrans0.ltrans.o
                0x08001180                __default_exit
 *fill*         0x08001184        0xc 
 .text.__late_init
                0x08001190        0x4 C:\Users\PETERL~1\AppData\Local\Temp\ccMtsKur.ltrans0.ltrans.o
                0x08001190                __late_init
 *fill*         0x08001194        0xc 
 .text.__core_init
                0x080011a0        0x4 C:\Users\PETERL~1\AppData\Local\Temp\ccMtsKur.ltrans0.ltrans.o
                0x080011a0                __core_init
 *(.rodata)
 *(.rodata.*)
 *fill*         0x080011a4        0xc 
 .rodata.ch_debug
                0x080011b0       0x16 C:\Users\PETERL~1\AppData\Local\Temp\ccMtsKur.ltrans0.ltrans.o
 *fill*         0x080011c6        0xa 
 .rodata.__func__.5877.lto_priv.13
                0x080011d0        0xc C:\Users\PETERL~1\AppData\Local\Temp\ccMtsKur.ltrans0.ltrans.o
 *fill*         0x080011dc        0x4 
 .rodata.str1.4
                0x080011e0       0x60 C:\Users\PETERL~1\AppData\Local\Temp\ccMtsKur.ltrans0.ltrans.o
                                 0x5d (size before relaxing)
 .rodata.__func__.5963
                0x08001240        0xc C:\Users\PETERL~1\AppData\Local\Temp\ccMtsKur.ltrans0.ltrans.o
 *fill*         0x0800124c        0x4 
 .rodata.__func__.6577
                0x08001250        0xc C:\Users\PETERL~1\AppData\Local\Temp\ccMtsKur.ltrans0.ltrans.o
 *fill*         0x0800125c        0x4 
 .rodata.__func__.6633
                0x08001260        0xb C:\Users\PETERL~1\AppData\Local\Temp\ccMtsKur.ltrans0.ltrans.o
 *fill*         0x0800126b        0x5 
 .rodata.__func__.6917
                0x08001270        0xd C:\Users\PETERL~1\AppData\Local\Temp\ccMtsKur.ltrans0.ltrans.o
 *fill*         0x0800127d        0x3 
 .rodata.__func__.5877.lto_priv.12
                0x08001280        0xc C:\Users\PETERL~1\AppData\Local\Temp\ccMtsKur.ltrans0.ltrans.o
 *fill*         0x0800128c        0x4 
 .rodata.__func__.6924
                0x08001290        0xb C:\Users\PETERL~1\AppData\Local\Temp\ccMtsKur.ltrans0.ltrans.o
 *(.glue_7t)
 .glue_7t       0x00000000        0x0 linker stubs
 *(.glue_7)
 .glue_7        0x00000000        0x0 linker stubs
 *(.gcc*)

.vfp11_veneer   0x0800129c        0x0
 .vfp11_veneer  0x00000000        0x0 linker stubs

.v4_bx          0x0800129c        0x0
 .v4_bx         0x00000000        0x0 linker stubs

.iplt           0x0800129c        0x0
 .iplt          0x00000000        0x0 build/obj/crt0_v7m.o

.rel.dyn        0x0800129c        0x0
 .rel.iplt      0x00000000        0x0 build/obj/crt0_v7m.o

.ARM.extab
 *(.ARM.extab* .gnu.linkonce.armextab.*)

.ARM.exidx      0x0800129b        0x0
                0x0800129b                PROVIDE (__exidx_start, .)
 *(.ARM.exidx* .gnu.linkonce.armexidx.*)
                0x0800129b                PROVIDE (__exidx_end, .)

.eh_frame_hdr
 *(.eh_frame_hdr)

.eh_frame
 *(.eh_frame)

.textalign      0x0800129b        0x5
                0x080012a0                . = ALIGN (0x8)
 *fill*         0x0800129b        0x5 
                0x080012a0                . = ALIGN (0x4)
                0x080012a0                _etext = .
                0x080012a0                _textdata = _etext

.mstack         0x20000000      0x400
                0x20000000                . = ALIGN (0x8)
                0x20000000                __main_stack_base__ = .
                0x20000400                . = (. + __main_stack_size__)
 *fill*         0x20000000      0x400 
                0x20000400                . = ALIGN (0x8)
                0x20000400                __main_stack_end__ = .

.pstack         0x20000400      0x400
                0x20000400                __process_stack_base__ = .
                0x20000400                __main_thread_stack_base__ = .
                0x20000800                . = (. + __process_stack_size__)
 *fill*         0x20000400      0x400 
                0x20000800                . = ALIGN (0x8)
                0x20000800                __process_stack_end__ = .
                0x20000800                __main_thread_stack_end__ = .

.data           0x20000800        0x0 load address 0x080012a0
                0x20000800                . = ALIGN (0x4)
                0x20000800                PROVIDE (_data, .)
 *(.data)
 *(.data.*)
 *(.ramtext)
                0x20000800                . = ALIGN (0x4)
                0x20000800                PROVIDE (_edata, .)

.igot.plt       0x20000800        0x0 load address 0x080012a0
 .igot.plt      0x00000000        0x0 build/obj/crt0_v7m.o

.bss            0x20000800      0x608 load address 0x080012a0
                0x20000800                . = ALIGN (0x4)
                0x20000800                PROVIDE (_bss_start, .)
 *(.bss)
 *(.bss.*)
 .bss.endmem    0x20000800        0x4 C:\Users\PETERL~1\AppData\Local\Temp\ccMtsKur.ltrans0.ltrans.o
 *fill*         0x20000804        0x4 
 .bss.ch        0x20000808      0x5d8 C:\Users\PETERL~1\AppData\Local\Temp\ccMtsKur.ltrans0.ltrans.o
 .bss.nextmem   0x20000de0        0x4 C:\Users\PETERL~1\AppData\Local\Temp\ccMtsKur.ltrans0.ltrans.o
 *fill*         0x20000de4        0x4 
 .bss.default_heap
                0x20000de8       0x20 C:\Users\PETERL~1\AppData\Local\Temp\ccMtsKur.ltrans0.ltrans.o
 *(COMMON)
                0x20000e08                . = ALIGN (0x4)
                0x20000e08                PROVIDE (_bss_end, .)
                0x20000e08                PROVIDE (end, .)

.ram0           0x20000e08        0x0 load address 0x080012a0
                0x20000e08                . = ALIGN (0x4)
 *(.ram0)
 *(.ram0.*)
                0x20000e08                . = ALIGN (0x4)
                0x20000e08                __ram0_free__ = .

.ram1           0x20000000        0x0
                0x20000000                . = ALIGN (0x4)
 *(.ram1)
 *(.ram1.*)
                0x20000000                . = ALIGN (0x4)
                0x20000000                __ram1_free__ = .

.ram2           0x2001c000        0x0
                0x2001c000                . = ALIGN (0x4)
 *(.ram2)
 *(.ram2.*)
                0x2001c000                . = ALIGN (0x4)
                0x2001c000                __ram2_free__ = .

.ram3           0x00000000        0x0
                0x00000000                . = ALIGN (0x4)
 *(.ram3)
 *(.ram3.*)
                0x00000000                . = ALIGN (0x4)
                0x00000000                __ram3_free__ = .

.ram4           0x10000000        0x0
                0x10000000                . = ALIGN (0x4)
 *(.ram4)
 *(.ram4.*)
                0x10000000                . = ALIGN (0x4)
                0x10000000                __ram4_free__ = .

.ram5           0x40024000        0x0
                0x40024000                . = ALIGN (0x4)
 *(.ram5)
 *(.ram5.*)
                0x40024000                . = ALIGN (0x4)
                0x40024000                __ram5_free__ = .

.ram6           0x00000000        0x0
                0x00000000                . = ALIGN (0x4)
 *(.ram6)
 *(.ram6.*)
                0x00000000                . = ALIGN (0x4)
                0x00000000                __ram6_free__ = .

.ram7           0x00000000        0x0
                0x00000000                . = ALIGN (0x4)
 *(.ram7)
 *(.ram7.*)
                0x00000000                . = ALIGN (0x4)
                0x00000000                __ram7_free__ = .
                0x20000e08                __heap_base__ = __ram0_free__
                0x20020000                __heap_end__ = __ram0_end__
                0x00000400                __process_stack_size__ = 0x400
                0x00000400                __main_stack_size__ = 0x400
START GROUP
LOAD c:/chibistudio/tools/gnu tools arm embedded/4.9 2015q3/bin/../lib/gcc/arm-none-eabi/4.9.3/armv7e-m\libgcc.a
LOAD c:/chibistudio/tools/gnu tools arm embedded/4.9 2015q3/bin/../lib/gcc/arm-none-eabi/4.9.3/../../../../arm-none-eabi/lib/armv7e-m\libg.a
LOAD c:/chibistudio/tools/gnu tools arm embedded/4.9 2015q3/bin/../lib/gcc/arm-none-eabi/4.9.3/../../../../arm-none-eabi/lib/armv7e-m\libc.a
END GROUP
OUTPUT(build/ch.elf elf32-littlearm)

.ARM.attributes
                0x00000000       0x2d
 .ARM.attributes
                0x00000000       0x21 build/obj/crt0_v7m.o
 .ARM.attributes
                0x00000021       0x21 build/obj/chcoreasm_v7m.o
 .ARM.attributes
                0x00000042       0x31 C:\Users\PETERL~1\AppData\Local\Temp\ccMtsKur.ltrans0.ltrans.o

.comment        0x00000000       0x70
 .comment       0x00000000       0x70 C:\Users\PETERL~1\AppData\Local\Temp\ccMtsKur.ltrans0.ltrans.o
                                 0x71 (size before relaxing)

.debug_info     0x00000000     0x378a
 .debug_info    0x00000000     0x378a C:\Users\PETERL~1\AppData\Local\Temp\ccMtsKur.ltrans0.ltrans.o

.debug_abbrev   0x00000000      0x5f4
 .debug_abbrev  0x00000000      0x5f4 C:\Users\PETERL~1\AppData\Local\Temp\ccMtsKur.ltrans0.ltrans.o

.debug_loc      0x00000000      0xa47
 .debug_loc     0x00000000      0xa47 C:\Users\PETERL~1\AppData\Local\Temp\ccMtsKur.ltrans0.ltrans.o

.debug_aranges  0x00000000      0x100
 .debug_aranges
                0x00000000      0x100 C:\Users\PETERL~1\AppData\Local\Temp\ccMtsKur.ltrans0.ltrans.o

.debug_ranges   0x00000000      0xbe0
 .debug_ranges  0x00000000      0xbe0 C:\Users\PETERL~1\AppData\Local\Temp\ccMtsKur.ltrans0.ltrans.o

.debug_line     0x00000000     0x1182
 .debug_line    0x00000000     0x1182 C:\Users\PETERL~1\AppData\Local\Temp\ccMtsKur.ltrans0.ltrans.o

.debug_str      0x00000000     0x10ec
 .debug_str     0x00000000     0x10ec C:\Users\PETERL~1\AppData\Local\Temp\ccMtsKur.ltrans0.ltrans.o
                               0x1171 (size before relaxing)

.debug_frame    0x00000000      0x2b4
 .debug_frame   0x00000000      0x2b4 C:\Users\PETERL~1\AppData\Local\Temp\ccMtsKur.ltrans0.ltrans.o

Cross Reference Table

Symbol                                            File
BusFault_Handler                                  build/obj/vectors.o (symbol from plugin)
DebugMon_Handler                                  build/obj/vectors.o (symbol from plugin)
HardFault_Handler                                 build/obj/vectors.o (symbol from plugin)
MemManage_Handler                                 build/obj/vectors.o (symbol from plugin)
NMI_Handler                                       build/obj/vectors.o (symbol from plugin)
PendSV_Handler                                    build/obj/vectors.o (symbol from plugin)
Reset_Handler                                     build/obj/crt0_v7m.o
SVC_Handler                                       build/obj/chcore_v7m.o (symbol from plugin)
                                                  build/obj/vectors.o (symbol from plugin)
SysTick_Handler                                   build/obj/vectors.o (symbol from plugin)
SystemCoreClock                                   build/obj/hal_lld.o (symbol from plugin)
UsageFault_Handler                                build/obj/vectors.o (symbol from plugin)
Vector100                                         build/obj/vectors.o (symbol from plugin)
Vector104                                         build/obj/vectors.o (symbol from plugin)
Vector108                                         build/obj/vectors.o (symbol from plugin)
Vector10C                                         build/obj/vectors.o (symbol from plugin)
Vector110                                         build/obj/vectors.o (symbol from plugin)
Vector114                                         build/obj/vectors.o (symbol from plugin)
Vector118                                         build/obj/vectors.o (symbol from plugin)
Vector11C                                         build/obj/vectors.o (symbol from plugin)
Vector120                                         build/obj/vectors.o (symbol from plugin)
Vector124                                         build/obj/vectors.o (symbol from plugin)
Vector128                                         build/obj/vectors.o (symbol from plugin)
Vector12C                                         build/obj/vectors.o (symbol from plugin)
Vector130                                         build/obj/vectors.o (symbol from plugin)
Vector134                                         build/obj/vectors.o (symbol from plugin)
Vector138                                         build/obj/vectors.o (symbol from plugin)
Vector13C                                         build/obj/vectors.o (symbol from plugin)
Vector140                                         build/obj/vectors.o (symbol from plugin)
Vector144                                         build/obj/vectors.o (symbol from plugin)
Vector148                                         build/obj/vectors.o (symbol from plugin)
Vector14C                                         build/obj/vectors.o (symbol from plugin)
Vector150                                         build/obj/vectors.o (symbol from plugin)
Vector154                                         build/obj/vectors.o (symbol from plugin)
Vector158                                         build/obj/vectors.o (symbol from plugin)
Vector15C                                         build/obj/vectors.o (symbol from plugin)
Vector160                                         build/obj/vectors.o (symbol from plugin)
Vector164                                         build/obj/vectors.o (symbol from plugin)
Vector168                                         build/obj/vectors.o (symbol from plugin)
Vector16C                                         build/obj/vectors.o (symbol from plugin)
Vector170                                         build/obj/vectors.o (symbol from plugin)
Vector174                                         build/obj/vectors.o (symbol from plugin)
Vector178                                         build/obj/vectors.o (symbol from plugin)
Vector17C                                         build/obj/vectors.o (symbol from plugin)
Vector180                                         build/obj/vectors.o (symbol from plugin)
Vector184                                         build/obj/vectors.o (symbol from plugin)
Vector188                                         build/obj/vectors.o (symbol from plugin)
Vector18C                                         build/obj/vectors.o (symbol from plugin)
Vector190                                         build/obj/vectors.o (symbol from plugin)
Vector194                                         build/obj/vectors.o (symbol from plugin)
Vector198                                         build/obj/vectors.o (symbol from plugin)
Vector19C                                         build/obj/vectors.o (symbol from plugin)
Vector1A0                                         build/obj/vectors.o (symbol from plugin)
Vector1A4                                         build/obj/vectors.o (symbol from plugin)
Vector1A8                                         build/obj/vectors.o (symbol from plugin)
Vector1AC                                         build/obj/vectors.o (symbol from plugin)
Vector1B0                                         build/obj/vectors.o (symbol from plugin)
Vector1B4                                         build/obj/vectors.o (symbol from plugin)
Vector1B8                                         build/obj/vectors.o (symbol from plugin)
Vector1BC                                         build/obj/vectors.o (symbol from plugin)
Vector1C                                          build/obj/vectors.o (symbol from plugin)
Vector20                                          build/obj/vectors.o (symbol from plugin)
Vector24                                          build/obj/vectors.o (symbol from plugin)
Vector28                                          build/obj/vectors.o (symbol from plugin)
Vector34                                          build/obj/vectors.o (symbol from plugin)
Vector40                                          build/obj/vectors.o (symbol from plugin)
Vector44                                          build/obj/vectors.o (symbol from plugin)
Vector48                                          build/obj/vectors.o (symbol from plugin)
Vector4C                                          build/obj/vectors.o (symbol from plugin)
Vector50                                          build/obj/vectors.o (symbol from plugin)
Vector54                                          build/obj/vectors.o (symbol from plugin)
Vector58                                          build/obj/vectors.o (symbol from plugin)
Vector5C                                          build/obj/vectors.o (symbol from plugin)
Vector60                                          build/obj/vectors.o (symbol from plugin)
Vector64                                          build/obj/vectors.o (symbol from plugin)
Vector68                                          build/obj/vectors.o (symbol from plugin)
Vector6C                                          build/obj/vectors.o (symbol from plugin)
Vector70                                          build/obj/vectors.o (symbol from plugin)
Vector74                                          build/obj/vectors.o (symbol from plugin)
Vector78                                          build/obj/vectors.o (symbol from plugin)
Vector7C                                          build/obj/vectors.o (symbol from plugin)
Vector80                                          build/obj/vectors.o (symbol from plugin)
Vector84                                          build/obj/vectors.o (symbol from plugin)
Vector88                                          build/obj/vectors.o (symbol from plugin)
Vector8C                                          build/obj/vectors.o (symbol from plugin)
Vector90                                          build/obj/vectors.o (symbol from plugin)
Vector94                                          build/obj/vectors.o (symbol from plugin)
Vector98                                          build/obj/vectors.o (symbol from plugin)
Vector9C                                          build/obj/vectors.o (symbol from plugin)
VectorA0                                          build/obj/vectors.o (symbol from plugin)
VectorA4                                          build/obj/vectors.o (symbol from plugin)
VectorA8                                          build/obj/vectors.o (symbol from plugin)
VectorAC                                          build/obj/vectors.o (symbol from plugin)
VectorB0                                          build/obj/st_lld.o (symbol from plugin)
                                                  build/obj/vectors.o (symbol from plugin)
VectorB4                                          build/obj/vectors.o (symbol from plugin)
VectorB8                                          build/obj/vectors.o (symbol from plugin)
VectorBC                                          build/obj/vectors.o (symbol from plugin)
VectorC0                                          build/obj/vectors.o (symbol from plugin)
VectorC4                                          build/obj/vectors.o (symbol from plugin)
VectorC8                                          build/obj/vectors.o (symbol from plugin)
VectorCC                                          build/obj/vectors.o (symbol from plugin)
VectorD0                                          build/obj/vectors.o (symbol from plugin)
VectorD4                                          build/obj/vectors.o (symbol from plugin)
VectorD8                                          build/obj/vectors.o (symbol from plugin)
VectorDC                                          build/obj/vectors.o (symbol from plugin)
VectorE0                                          build/obj/vectors.o (symbol from plugin)
VectorE4                                          build/obj/vectors.o (symbol from plugin)
VectorE8                                          build/obj/vectors.o (symbol from plugin)
VectorEC                                          build/obj/vectors.o (symbol from plugin)
VectorF0                                          build/obj/vectors.o (symbol from plugin)
VectorF4                                          build/obj/vectors.o (symbol from plugin)
VectorF8                                          build/obj/vectors.o (symbol from plugin)
VectorFC                                          build/obj/vectors.o (symbol from plugin)
__core_init                                       C:\Users\PETERL~1\AppData\Local\Temp\ccMtsKur.ltrans0.ltrans.o
                                                  build/obj/crt1.o (symbol from plugin)
                                                  build/obj/crt0_v7m.o
__default_exit                                    C:\Users\PETERL~1\AppData\Local\Temp\ccMtsKur.ltrans0.ltrans.o
                                                  build/obj/crt1.o (symbol from plugin)
                                                  build/obj/crt0_v7m.o
__early_init                                      C:\Users\PETERL~1\AppData\Local\Temp\ccMtsKur.ltrans0.ltrans.o
                                                  build/obj/board.o (symbol from plugin)
                                                  build/obj/crt1.o (symbol from plugin)
                                                  build/obj/crt0_v7m.o
__fini_array_end                                  build/obj/crt0_v7m.o
__fini_array_start                                build/obj/crt0_v7m.o
__heap_base__                                     C:\Users\PETERL~1\AppData\Local\Temp\ccMtsKur.ltrans0.ltrans.o
                                                  build/obj/chmemcore.o (symbol from plugin)
__heap_end__                                      C:\Users\PETERL~1\AppData\Local\Temp\ccMtsKur.ltrans0.ltrans.o
                                                  build/obj/chmemcore.o (symbol from plugin)
__init_array_end                                  build/obj/crt0_v7m.o
__init_array_start                                build/obj/crt0_v7m.o
__late_init                                       C:\Users\PETERL~1\AppData\Local\Temp\ccMtsKur.ltrans0.ltrans.o
                                                  build/obj/crt1.o (symbol from plugin)
                                                  build/obj/crt0_v7m.o
__main_stack_base__                               build/obj/crt0_v7m.o
__main_stack_end__                                C:\Users\PETERL~1\AppData\Local\Temp\ccMtsKur.ltrans0.ltrans.o
                                                  build/obj/vectors.o (symbol from plugin)
                                                  build/obj/crt0_v7m.o
__main_thread_stack_base__                        C:\Users\PETERL~1\AppData\Local\Temp\ccMtsKur.ltrans0.ltrans.o
                                                  build/obj/chsys.o (symbol from plugin)
__process_stack_base__                            build/obj/crt0_v7m.o
__process_stack_end__                             build/obj/crt0_v7m.o
_bss_end                                          build/obj/crt0_v7m.o
_bss_start                                        build/obj/crt0_v7m.o
_core_init                                        build/obj/chmemcore.o (symbol from plugin)
                                                  build/obj/chsys.o (symbol from plugin)
_data                                             build/obj/crt0_v7m.o
_dbg_check_disable                                build/obj/chdebug.o (symbol from plugin)
_dbg_check_enable                                 build/obj/chdebug.o (symbol from plugin)
                                                  build/obj/chsys.o (symbol from plugin)
_dbg_check_enter_isr                              build/obj/chdebug.o (symbol from plugin)
                                                  build/obj/st_lld.o (symbol from plugin)
_dbg_check_leave_isr                              build/obj/chdebug.o (symbol from plugin)
                                                  build/obj/st_lld.o (symbol from plugin)
_dbg_check_lock                                   C:\Users\PETERL~1\AppData\Local\Temp\ccMtsKur.ltrans0.ltrans.o
                                                  build/obj/chdebug.o (symbol from plugin)
                                                  build/obj/chmempools.o (symbol from plugin)
                                                  build/obj/chmemcore.o (symbol from plugin)
                                                  build/obj/chqueues.o (symbol from plugin)
                                                  build/obj/chmboxes.o (symbol from plugin)
                                                  build/obj/chmsg.o (symbol from plugin)
                                                  build/obj/chevents.o (symbol from plugin)
                                                  build/obj/chcond.o (symbol from plugin)
                                                  build/obj/chmtx.o (symbol from plugin)
                                                  build/obj/chsem.o (symbol from plugin)
                                                  build/obj/chregistry.o (symbol from plugin)
                                                  build/obj/chdynamic.o (symbol from plugin)
                                                  build/obj/chthreads.o (symbol from plugin)
                                                  build/obj/chsys.o (symbol from plugin)
                                                  build/obj/chcoreasm_v7m.o
_dbg_check_lock_from_isr                          build/obj/chdebug.o (symbol from plugin)
                                                  build/obj/st_lld.o (symbol from plugin)
                                                  build/obj/chschd.o (symbol from plugin)
                                                  build/obj/chsys.o (symbol from plugin)
_dbg_check_suspend                                build/obj/chdebug.o (symbol from plugin)
_dbg_check_unlock                                 C:\Users\PETERL~1\AppData\Local\Temp\ccMtsKur.ltrans0.ltrans.o
                                                  build/obj/chdebug.o (symbol from plugin)
                                                  build/obj/chmempools.o (symbol from plugin)
                                                  build/obj/chmemcore.o (symbol from plugin)
                                                  build/obj/chqueues.o (symbol from plugin)
                                                  build/obj/chmboxes.o (symbol from plugin)
                                                  build/obj/chmsg.o (symbol from plugin)
                                                  build/obj/chevents.o (symbol from plugin)
                                                  build/obj/chcond.o (symbol from plugin)
                                                  build/obj/chmtx.o (symbol from plugin)
                                                  build/obj/chsem.o (symbol from plugin)
                                                  build/obj/chregistry.o (symbol from plugin)
                                                  build/obj/chdynamic.o (symbol from plugin)
                                                  build/obj/chthreads.o (symbol from plugin)
                                                  build/obj/chsys.o (symbol from plugin)
                                                  build/obj/chcoreasm_v7m.o
_dbg_check_unlock_from_isr                        build/obj/chdebug.o (symbol from plugin)
                                                  build/obj/st_lld.o (symbol from plugin)
                                                  build/obj/chschd.o (symbol from plugin)
                                                  build/obj/chsys.o (symbol from plugin)
_dbg_trace                                        build/obj/chdebug.o (symbol from plugin)
                                                  build/obj/chschd.o (symbol from plugin)
_dbg_trace_init                                   build/obj/chdebug.o (symbol from plugin)
                                                  build/obj/chsys.o (symbol from plugin)
_edata                                            build/obj/crt0_v7m.o
_heap_init                                        build/obj/chheap.o (symbol from plugin)
                                                  build/obj/chsys.o (symbol from plugin)
_pal_lld_init                                     build/obj/pal_lld.o (symbol from plugin)
                                                  build/obj/hal.o (symbol from plugin)
_pal_lld_setgroupmode                             build/obj/pal_lld.o (symbol from plugin)
                                                  build/obj/pal.o (symbol from plugin)
_port_exit_from_isr                               build/obj/chcoreasm_v7m.o
                                                  C:\Users\PETERL~1\AppData\Local\Temp\ccMtsKur.ltrans0.ltrans.o
                                                  build/obj/chcore_v7m.o (symbol from plugin)
_port_irq_epilogue                                build/obj/chcore_v7m.o (symbol from plugin)
                                                  build/obj/st_lld.o (symbol from plugin)
_port_switch                                      build/obj/chcoreasm_v7m.o
                                                  C:\Users\PETERL~1\AppData\Local\Temp\ccMtsKur.ltrans0.ltrans.o
                                                  build/obj/chschd.o (symbol from plugin)
_port_switch_from_isr                             build/obj/chcoreasm_v7m.o
                                                  C:\Users\PETERL~1\AppData\Local\Temp\ccMtsKur.ltrans0.ltrans.o
                                                  build/obj/chcore_v7m.o (symbol from plugin)
_port_thread_start                                build/obj/chcoreasm_v7m.o
                                                  C:\Users\PETERL~1\AppData\Local\Temp\ccMtsKur.ltrans0.ltrans.o
                                                  build/obj/chthreads.o (symbol from plugin)
_scheduler_init                                   build/obj/chschd.o (symbol from plugin)
                                                  build/obj/chsys.o (symbol from plugin)
_stats_ctxswc                                     build/obj/chstats.o (symbol from plugin)
                                                  build/obj/chschd.o (symbol from plugin)
_stats_increase_irq                               build/obj/chstats.o (symbol from plugin)
                                                  build/obj/st_lld.o (symbol from plugin)
_stats_init                                       build/obj/chstats.o (symbol from plugin)
                                                  build/obj/chsys.o (symbol from plugin)
_stats_start_measure_crit_isr                     build/obj/chstats.o (symbol from plugin)
                                                  build/obj/st_lld.o (symbol from plugin)
                                                  build/obj/chschd.o (symbol from plugin)
                                                  build/obj/chsys.o (symbol from plugin)
_stats_start_measure_crit_thd                     C:\Users\PETERL~1\AppData\Local\Temp\ccMtsKur.ltrans0.ltrans.o
                                                  build/obj/chstats.o (symbol from plugin)
                                                  build/obj/chmempools.o (symbol from plugin)
                                                  build/obj/chmemcore.o (symbol from plugin)
                                                  build/obj/chqueues.o (symbol from plugin)
                                                  build/obj/chmboxes.o (symbol from plugin)
                                                  build/obj/chmsg.o (symbol from plugin)
                                                  build/obj/chevents.o (symbol from plugin)
                                                  build/obj/chcond.o (symbol from plugin)
                                                  build/obj/chmtx.o (symbol from plugin)
                                                  build/obj/chsem.o (symbol from plugin)
                                                  build/obj/chregistry.o (symbol from plugin)
                                                  build/obj/chdynamic.o (symbol from plugin)
                                                  build/obj/chthreads.o (symbol from plugin)
                                                  build/obj/chsys.o (symbol from plugin)
                                                  build/obj/chcoreasm_v7m.o
_stats_stop_measure_crit_isr                      build/obj/chstats.o (symbol from plugin)
                                                  build/obj/st_lld.o (symbol from plugin)
                                                  build/obj/chschd.o (symbol from plugin)
                                                  build/obj/chsys.o (symbol from plugin)
_stats_stop_measure_crit_thd                      C:\Users\PETERL~1\AppData\Local\Temp\ccMtsKur.ltrans0.ltrans.o
                                                  build/obj/chstats.o (symbol from plugin)
                                                  build/obj/chmempools.o (symbol from plugin)
                                                  build/obj/chmemcore.o (symbol from plugin)
                                                  build/obj/chqueues.o (symbol from plugin)
                                                  build/obj/chmboxes.o (symbol from plugin)
                                                  build/obj/chmsg.o (symbol from plugin)
                                                  build/obj/chevents.o (symbol from plugin)
                                                  build/obj/chcond.o (symbol from plugin)
                                                  build/obj/chmtx.o (symbol from plugin)
                                                  build/obj/chsem.o (symbol from plugin)
                                                  build/obj/chregistry.o (symbol from plugin)
                                                  build/obj/chdynamic.o (symbol from plugin)
                                                  build/obj/chthreads.o (symbol from plugin)
                                                  build/obj/chsys.o (symbol from plugin)
                                                  build/obj/chcoreasm_v7m.o
_textdata                                         build/obj/crt0_v7m.o
_thread_init                                      build/obj/chthreads.o (symbol from plugin)
                                                  build/obj/chsys.o (symbol from plugin)
_thread_memfill                                   build/obj/chthreads.o (symbol from plugin)
                                                  build/obj/chdynamic.o (symbol from plugin)
_tm_init                                          build/obj/chtm.o (symbol from plugin)
                                                  build/obj/chsys.o (symbol from plugin)
_unhandled_exception                              build/obj/vectors.o (symbol from plugin)
_vectors                                          C:\Users\PETERL~1\AppData\Local\Temp\ccMtsKur.ltrans0.ltrans.o
                                                  build/obj/vectors.o (symbol from plugin)
_vt_init                                          build/obj/chvt.o (symbol from plugin)
                                                  build/obj/chsys.o (symbol from plugin)
boardInit                                         build/obj/board.o (symbol from plugin)
                                                  build/obj/hal.o (symbol from plugin)
ch                                                build/obj/chschd.o (symbol from plugin)
                                                  build/obj/chmempools.o (symbol from plugin)
                                                  build/obj/chmemcore.o (symbol from plugin)
                                                  build/obj/chqueues.o (symbol from plugin)
                                                  build/obj/chmboxes.o (symbol from plugin)
                                                  build/obj/chmsg.o (symbol from plugin)
                                                  build/obj/chevents.o (symbol from plugin)
                                                  build/obj/chcond.o (symbol from plugin)
                                                  build/obj/chmtx.o (symbol from plugin)
                                                  build/obj/chsem.o (symbol from plugin)
                                                  build/obj/chregistry.o (symbol from plugin)
                                                  build/obj/chdynamic.o (symbol from plugin)
                                                  build/obj/chstats.o (symbol from plugin)
                                                  build/obj/chtm.o (symbol from plugin)
                                                  build/obj/chthreads.o (symbol from plugin)
                                                  build/obj/chvt.o (symbol from plugin)
                                                  build/obj/chdebug.o (symbol from plugin)
                                                  build/obj/chsys.o (symbol from plugin)
chCondBroadcast                                   build/obj/chcond.o (symbol from plugin)
chCondBroadcastI                                  build/obj/chcond.o (symbol from plugin)
chCondObjectInit                                  build/obj/chcond.o (symbol from plugin)
chCondSignal                                      build/obj/chcond.o (symbol from plugin)
chCondSignalI                                     build/obj/chcond.o (symbol from plugin)
chCondWait                                        build/obj/chcond.o (symbol from plugin)
chCondWaitS                                       build/obj/chcond.o (symbol from plugin)
chCondWaitTimeout                                 build/obj/chcond.o (symbol from plugin)
chCondWaitTimeoutS                                build/obj/chcond.o (symbol from plugin)
chCoreAlloc                                       build/obj/chmemcore.o (symbol from plugin)
                                                  build/obj/chheap.o (symbol from plugin)
chCoreAllocI                                      build/obj/chmemcore.o (symbol from plugin)
chCoreGetStatusX                                  build/obj/chmemcore.o (symbol from plugin)
chDbgCheckClassI                                  build/obj/chdebug.o (symbol from plugin)
                                                  build/obj/chmempools.o (symbol from plugin)
                                                  build/obj/chmemcore.o (symbol from plugin)
                                                  build/obj/chqueues.o (symbol from plugin)
                                                  build/obj/chmboxes.o (symbol from plugin)
                                                  build/obj/chmsg.o (symbol from plugin)
                                                  build/obj/chevents.o (symbol from plugin)
                                                  build/obj/chcond.o (symbol from plugin)
                                                  build/obj/chsem.o (symbol from plugin)
                                                  build/obj/chthreads.o (symbol from plugin)
                                                  build/obj/chschd.o (symbol from plugin)
                                                  build/obj/chvt.o (symbol from plugin)
                                                  build/obj/chsys.o (symbol from plugin)
chDbgCheckClassS                                  build/obj/chdebug.o (symbol from plugin)
                                                  build/obj/chmboxes.o (symbol from plugin)
                                                  build/obj/chmsg.o (symbol from plugin)
                                                  build/obj/chcond.o (symbol from plugin)
                                                  build/obj/chmtx.o (symbol from plugin)
                                                  build/obj/chsem.o (symbol from plugin)
                                                  build/obj/chthreads.o (symbol from plugin)
                                                  build/obj/chschd.o (symbol from plugin)
chEvtAddEvents                                    build/obj/chevents.o (symbol from plugin)
chEvtBroadcastFlags                               build/obj/chevents.o (symbol from plugin)
chEvtBroadcastFlagsI                              build/obj/chevents.o (symbol from plugin)
chEvtDispatch                                     build/obj/chevents.o (symbol from plugin)
chEvtGetAndClearEvents                            build/obj/chevents.o (symbol from plugin)
chEvtGetAndClearFlags                             build/obj/chevents.o (symbol from plugin)
chEvtGetAndClearFlagsI                            build/obj/chevents.o (symbol from plugin)
chEvtRegisterMaskWithFlags                        build/obj/chevents.o (symbol from plugin)
chEvtSignal                                       build/obj/chevents.o (symbol from plugin)
chEvtSignalI                                      build/obj/chevents.o (symbol from plugin)
chEvtUnregister                                   build/obj/chevents.o (symbol from plugin)
chEvtWaitAll                                      build/obj/chevents.o (symbol from plugin)
chEvtWaitAllTimeout                               build/obj/chevents.o (symbol from plugin)
chEvtWaitAny                                      build/obj/chevents.o (symbol from plugin)
chEvtWaitAnyTimeout                               build/obj/chevents.o (symbol from plugin)
chEvtWaitOne                                      build/obj/chevents.o (symbol from plugin)
chEvtWaitOneTimeout                               build/obj/chevents.o (symbol from plugin)
chHeapAlloc                                       build/obj/chheap.o (symbol from plugin)
                                                  build/obj/chdynamic.o (symbol from plugin)
chHeapFree                                        build/obj/chheap.o (symbol from plugin)
                                                  build/obj/chdynamic.o (symbol from plugin)
chHeapObjectInit                                  build/obj/chheap.o (symbol from plugin)
chHeapStatus                                      build/obj/chheap.o (symbol from plugin)
chIQGetTimeout                                    build/obj/chqueues.o (symbol from plugin)
chIQObjectInit                                    build/obj/chqueues.o (symbol from plugin)
chIQPutI                                          build/obj/chqueues.o (symbol from plugin)
chIQReadTimeout                                   build/obj/chqueues.o (symbol from plugin)
chIQResetI                                        build/obj/chqueues.o (symbol from plugin)
chMBFetch                                         build/obj/chmboxes.o (symbol from plugin)
chMBFetchI                                        build/obj/chmboxes.o (symbol from plugin)
chMBFetchS                                        build/obj/chmboxes.o (symbol from plugin)
chMBObjectInit                                    build/obj/chmboxes.o (symbol from plugin)
chMBPost                                          build/obj/chmboxes.o (symbol from plugin)
chMBPostAhead                                     build/obj/chmboxes.o (symbol from plugin)
chMBPostAheadI                                    build/obj/chmboxes.o (symbol from plugin)
chMBPostAheadS                                    build/obj/chmboxes.o (symbol from plugin)
chMBPostI                                         build/obj/chmboxes.o (symbol from plugin)
chMBPostS                                         build/obj/chmboxes.o (symbol from plugin)
chMBReset                                         build/obj/chmboxes.o (symbol from plugin)
chMBResetI                                        build/obj/chmboxes.o (symbol from plugin)
chMsgRelease                                      build/obj/chmsg.o (symbol from plugin)
chMsgSend                                         build/obj/chmsg.o (symbol from plugin)
chMsgWait                                         build/obj/chmsg.o (symbol from plugin)
chMtxLock                                         build/obj/chmtx.o (symbol from plugin)
                                                  build/obj/chheap.o (symbol from plugin)
chMtxLockS                                        build/obj/chmtx.o (symbol from plugin)
                                                  build/obj/chcond.o (symbol from plugin)
chMtxObjectInit                                   build/obj/chmtx.o (symbol from plugin)
                                                  build/obj/chheap.o (symbol from plugin)
chMtxTryLock                                      build/obj/chmtx.o (symbol from plugin)
chMtxTryLockS                                     build/obj/chmtx.o (symbol from plugin)
chMtxUnlock                                       build/obj/chmtx.o (symbol from plugin)
                                                  build/obj/chheap.o (symbol from plugin)
chMtxUnlockAll                                    build/obj/chmtx.o (symbol from plugin)
chMtxUnlockS                                      build/obj/chmtx.o (symbol from plugin)
                                                  build/obj/chcond.o (symbol from plugin)
chOQGetI                                          build/obj/chqueues.o (symbol from plugin)
chOQObjectInit                                    build/obj/chqueues.o (symbol from plugin)
chOQPutTimeout                                    build/obj/chqueues.o (symbol from plugin)
chOQResetI                                        build/obj/chqueues.o (symbol from plugin)
chOQWriteTimeout                                  build/obj/chqueues.o (symbol from plugin)
chPoolAlloc                                       build/obj/chmempools.o (symbol from plugin)
                                                  build/obj/chdynamic.o (symbol from plugin)
chPoolAllocI                                      build/obj/chmempools.o (symbol from plugin)
chPoolFree                                        build/obj/chmempools.o (symbol from plugin)
                                                  build/obj/chdynamic.o (symbol from plugin)
chPoolFreeI                                       build/obj/chmempools.o (symbol from plugin)
chPoolLoadArray                                   build/obj/chmempools.o (symbol from plugin)
chPoolObjectInit                                  build/obj/chmempools.o (symbol from plugin)
chRegFirstThread                                  build/obj/chregistry.o (symbol from plugin)
chRegNextThread                                   build/obj/chregistry.o (symbol from plugin)
chSchDoReschedule                                 C:\Users\PETERL~1\AppData\Local\Temp\ccMtsKur.ltrans0.ltrans.o
                                                  build/obj/chschd.o (symbol from plugin)
                                                  build/obj/chcoreasm_v7m.o
chSchDoRescheduleAhead                            build/obj/chschd.o (symbol from plugin)
chSchDoRescheduleBehind                           build/obj/chschd.o (symbol from plugin)
                                                  build/obj/chthreads.o (symbol from plugin)
chSchGoSleepS                                     build/obj/chschd.o (symbol from plugin)
                                                  build/obj/chmsg.o (symbol from plugin)
                                                  build/obj/chevents.o (symbol from plugin)
                                                  build/obj/chcond.o (symbol from plugin)
                                                  build/obj/chmtx.o (symbol from plugin)
                                                  build/obj/chsem.o (symbol from plugin)
                                                  build/obj/chthreads.o (symbol from plugin)
chSchGoSleepTimeoutS                              build/obj/chschd.o (symbol from plugin)
                                                  build/obj/chevents.o (symbol from plugin)
                                                  build/obj/chcond.o (symbol from plugin)
                                                  build/obj/chsem.o (symbol from plugin)
                                                  build/obj/chthreads.o (symbol from plugin)
chSchIsPreemptionRequired                         build/obj/chschd.o (symbol from plugin)
                                                  build/obj/chcore_v7m.o (symbol from plugin)
chSchReadyI                                       build/obj/chschd.o (symbol from plugin)
                                                  build/obj/chmsg.o (symbol from plugin)
                                                  build/obj/chevents.o (symbol from plugin)
                                                  build/obj/chcond.o (symbol from plugin)
                                                  build/obj/chmtx.o (symbol from plugin)
                                                  build/obj/chsem.o (symbol from plugin)
                                                  build/obj/chthreads.o (symbol from plugin)
chSchRescheduleS                                  build/obj/chschd.o (symbol from plugin)
                                                  build/obj/chmboxes.o (symbol from plugin)
                                                  build/obj/chevents.o (symbol from plugin)
                                                  build/obj/chcond.o (symbol from plugin)
                                                  build/obj/chmtx.o (symbol from plugin)
                                                  build/obj/chsem.o (symbol from plugin)
                                                  build/obj/chthreads.o (symbol from plugin)
                                                  build/obj/chsys.o (symbol from plugin)
chSchWakeupS                                      build/obj/chschd.o (symbol from plugin)
                                                  build/obj/chmsg.o (symbol from plugin)
                                                  build/obj/chcond.o (symbol from plugin)
                                                  build/obj/chsem.o (symbol from plugin)
                                                  build/obj/chdynamic.o (symbol from plugin)
                                                  build/obj/chthreads.o (symbol from plugin)
chSemAddCounterI                                  build/obj/chsem.o (symbol from plugin)
chSemObjectInit                                   build/obj/chsem.o (symbol from plugin)
                                                  build/obj/chmboxes.o (symbol from plugin)
chSemReset                                        build/obj/chsem.o (symbol from plugin)
chSemResetI                                       build/obj/chsem.o (symbol from plugin)
                                                  build/obj/chmboxes.o (symbol from plugin)
chSemSignal                                       build/obj/chsem.o (symbol from plugin)
chSemSignalI                                      build/obj/chsem.o (symbol from plugin)
                                                  build/obj/chmboxes.o (symbol from plugin)
chSemSignalWait                                   build/obj/chsem.o (symbol from plugin)
chSemWait                                         build/obj/chsem.o (symbol from plugin)
chSemWaitS                                        build/obj/chsem.o (symbol from plugin)
chSemWaitTimeout                                  build/obj/chsem.o (symbol from plugin)
chSemWaitTimeoutS                                 build/obj/chsem.o (symbol from plugin)
                                                  build/obj/chmboxes.o (symbol from plugin)
chSysGetStatusAndLockX                            build/obj/chsys.o (symbol from plugin)
chSysHalt                                         build/obj/chsys.o (symbol from plugin)
                                                  build/obj/nvic.o (symbol from plugin)
                                                  build/obj/pal.o (symbol from plugin)
                                                  build/obj/st.o (symbol from plugin)
                                                  build/obj/chmempools.o (symbol from plugin)
                                                  build/obj/chheap.o (symbol from plugin)
                                                  build/obj/chmemcore.o (symbol from plugin)
                                                  build/obj/chqueues.o (symbol from plugin)
                                                  build/obj/chmboxes.o (symbol from plugin)
                                                  build/obj/chmsg.o (symbol from plugin)
                                                  build/obj/chevents.o (symbol from plugin)
                                                  build/obj/chcond.o (symbol from plugin)
                                                  build/obj/chmtx.o (symbol from plugin)
                                                  build/obj/chsem.o (symbol from plugin)
                                                  build/obj/chregistry.o (symbol from plugin)
                                                  build/obj/chdynamic.o (symbol from plugin)
                                                  build/obj/chthreads.o (symbol from plugin)
                                                  build/obj/chschd.o (symbol from plugin)
                                                  build/obj/chvt.o (symbol from plugin)
                                                  build/obj/chdebug.o (symbol from plugin)
chSysInit                                         build/obj/chsys.o (symbol from plugin)
                                                  build/obj/main.o (symbol from plugin)
chSysIntegrityCheckI                              build/obj/chsys.o (symbol from plugin)
chSysIsCounterWithinX                             build/obj/chsys.o (symbol from plugin)
chSysPolledDelayX                                 build/obj/chsys.o (symbol from plugin)
chSysRestoreStatusX                               build/obj/chsys.o (symbol from plugin)
chSysTimerHandlerI                                build/obj/chsys.o (symbol from plugin)
                                                  build/obj/st_lld.o (symbol from plugin)
chTMChainMeasurementToX                           build/obj/chtm.o (symbol from plugin)
                                                  build/obj/chstats.o (symbol from plugin)
chTMObjectInit                                    build/obj/chtm.o (symbol from plugin)
                                                  build/obj/chstats.o (symbol from plugin)
                                                  build/obj/chthreads.o (symbol from plugin)
chTMStartMeasurementX                             build/obj/chtm.o (symbol from plugin)
                                                  build/obj/chstats.o (symbol from plugin)
                                                  build/obj/chthreads.o (symbol from plugin)
chTMStopMeasurementX                              build/obj/chtm.o (symbol from plugin)
                                                  build/obj/chstats.o (symbol from plugin)
chThdAddRef                                       build/obj/chdynamic.o (symbol from plugin)
chThdCreateFromHeap                               build/obj/chdynamic.o (symbol from plugin)
chThdCreateFromMemoryPool                         build/obj/chdynamic.o (symbol from plugin)
chThdCreateI                                      build/obj/chthreads.o (symbol from plugin)
                                                  build/obj/chdynamic.o (symbol from plugin)
chThdCreateStatic                                 build/obj/chthreads.o (symbol from plugin)
                                                  build/obj/chsys.o (symbol from plugin)
chThdDequeueAllI                                  build/obj/chthreads.o (symbol from plugin)
                                                  build/obj/chqueues.o (symbol from plugin)
chThdDequeueNextI                                 build/obj/chthreads.o (symbol from plugin)
                                                  build/obj/chqueues.o (symbol from plugin)
chThdEnqueueTimeoutS                              build/obj/chthreads.o (symbol from plugin)
                                                  build/obj/chqueues.o (symbol from plugin)
chThdExit                                         C:\Users\PETERL~1\AppData\Local\Temp\ccMtsKur.ltrans0.ltrans.o
                                                  build/obj/chthreads.o (symbol from plugin)
                                                  build/obj/chcoreasm_v7m.o
chThdExitS                                        build/obj/chthreads.o (symbol from plugin)
chThdRelease                                      build/obj/chdynamic.o (symbol from plugin)
                                                  build/obj/chregistry.o (symbol from plugin)
                                                  build/obj/chthreads.o (symbol from plugin)
chThdResume                                       build/obj/chthreads.o (symbol from plugin)
chThdResumeI                                      build/obj/chthreads.o (symbol from plugin)
chThdResumeS                                      build/obj/chthreads.o (symbol from plugin)
chThdSetPriority                                  build/obj/chthreads.o (symbol from plugin)
chThdSleep                                        build/obj/chthreads.o (symbol from plugin)
                                                  build/obj/main.o (symbol from plugin)
chThdSleepUntil                                   build/obj/chthreads.o (symbol from plugin)
chThdSleepUntilWindowed                           build/obj/chthreads.o (symbol from plugin)
chThdStart                                        build/obj/chthreads.o (symbol from plugin)
chThdSuspendS                                     build/obj/chthreads.o (symbol from plugin)
chThdSuspendTimeoutS                              build/obj/chthreads.o (symbol from plugin)
chThdTerminate                                    build/obj/chthreads.o (symbol from plugin)
chThdWait                                         build/obj/chthreads.o (symbol from plugin)
chThdYield                                        build/obj/chthreads.o (symbol from plugin)
chVTDoResetI                                      build/obj/chvt.o (symbol from plugin)
                                                  build/obj/chschd.o (symbol from plugin)
chVTDoSetI                                        build/obj/chvt.o (symbol from plugin)
                                                  build/obj/chschd.o (symbol from plugin)
ch_debug                                          build/obj/chregistry.o (symbol from plugin)
                                                  build/obj/chsys.o (symbol from plugin)
halInit                                           build/obj/hal.o (symbol from plugin)
                                                  build/obj/main.o (symbol from plugin)
hal_lld_init                                      build/obj/hal_lld.o (symbol from plugin)
                                                  build/obj/hal.o (symbol from plugin)
main                                              C:\Users\PETERL~1\AppData\Local\Temp\ccMtsKur.ltrans0.ltrans.o
                                                  build/obj/main.o (symbol from plugin)
                                                  build/obj/crt0_v7m.o
nvicClearPending                                  build/obj/nvic.o (symbol from plugin)
nvicDisableVector                                 build/obj/nvic.o (symbol from plugin)
nvicEnableVector                                  build/obj/nvic.o (symbol from plugin)
                                                  build/obj/st_lld.o (symbol from plugin)
nvicSetSystemHandlerPriority                      build/obj/nvic.o (symbol from plugin)
palReadBus                                        build/obj/pal.o (symbol from plugin)
palSetBusMode                                     build/obj/pal.o (symbol from plugin)
palWriteBus                                       build/obj/pal.o (symbol from plugin)
pal_default_config                                build/obj/board.o (symbol from plugin)
                                                  build/obj/hal.o (symbol from plugin)
stGetAlarm                                        build/obj/st.o (symbol from plugin)
stInit                                            build/obj/st.o (symbol from plugin)
                                                  build/obj/hal.o (symbol from plugin)
stSetAlarm                                        build/obj/st.o (symbol from plugin)
                                                  build/obj/chvt.o (symbol from plugin)
                                                  build/obj/chsys.o (symbol from plugin)
stStartAlarm                                      build/obj/st.o (symbol from plugin)
                                                  build/obj/chvt.o (symbol from plugin)
stStopAlarm                                       build/obj/st.o (symbol from plugin)
                                                  build/obj/chvt.o (symbol from plugin)
                                                  build/obj/chsys.o (symbol from plugin)
st_lld_init                                       build/obj/st_lld.o (symbol from plugin)
                                                  build/obj/st.o (symbol from plugin)
stm32_clock_init                                  build/obj/hal_lld.o (symbol from plugin)
                                                  build/obj/board.o (symbol from plugin)
